/Users/bryanthar/Documents/MCUXpressoIDE_11.7.1_9221/workspace/frdmkl46z_bubble_peripheral/drivers/fsl_clock.h:601:20:CLOCK_EnableClock	24	static
/Users/bryanthar/Documents/MCUXpressoIDE_11.7.1_9221/workspace/frdmkl46z_bubble_peripheral/drivers/fsl_port.h:268:20:PORT_SetPinConfig	32	static
/Users/bryanthar/Documents/MCUXpressoIDE_11.7.1_9221/workspace/frdmkl46z_bubble_peripheral/drivers/fsl_port.h:371:20:PORT_SetPinMux	24	static
../board/pin_mux.c:67:6:BOARD_InitBootPins	8	static
../board/pin_mux.c:92:6:BOARD_InitPins	8	static
../board/pin_mux.c:142:6:BOARD_I2C_ConfigurePins	16	static
../board/pin_mux.c:192:6:BOARD_Init_I2C_GPIO_pins	16	static
