Archive member included to satisfy reference by file (symbol)

/Applications/MCUXpressoIDE_11.7.1_9221/ide/plugins/com.nxp.mcuxpresso.tools.macosx_11.7.1.202301190959/tools/bin/../lib/gcc/arm-none-eabi/10.3.1/../../../../arm-none-eabi/lib/thumb/v6-m/nofp/libcr_nohost_nf.a(_cr__main.o)
                              ./startup/startup_mkl46z4.o (__main)
/Applications/MCUXpressoIDE_11.7.1_9221/ide/plugins/com.nxp.mcuxpresso.tools.macosx_11.7.1.202301190959/tools/bin/../lib/gcc/arm-none-eabi/10.3.1/../../../../arm-none-eabi/lib/thumb/v6-m/nofp/libcr_nohost_nf.a(_cr_assert.o)
                              ./utilities/fsl_debug_console.o (__assertion_failed)
/Applications/MCUXpressoIDE_11.7.1_9221/ide/plugins/com.nxp.mcuxpresso.tools.macosx_11.7.1.202301190959/tools/bin/../lib/gcc/arm-none-eabi/10.3.1/../../../../arm-none-eabi/lib/thumb/v6-m/nofp/libcr_nohost_nf.a(__ciob.o)
                              /Applications/MCUXpressoIDE_11.7.1_9221/ide/plugins/com.nxp.mcuxpresso.tools.macosx_11.7.1.202301190959/tools/bin/../lib/gcc/arm-none-eabi/10.3.1/../../../../arm-none-eabi/lib/thumb/v6-m/nofp/libcr_nohost_nf.a(_cr_assert.o) (__Ciob)
/Applications/MCUXpressoIDE_11.7.1_9221/ide/plugins/com.nxp.mcuxpresso.tools.macosx_11.7.1.202301190959/tools/bin/../lib/gcc/arm-none-eabi/10.3.1/../../../../arm-none-eabi/lib/thumb/v6-m/nofp/libcr_nohost_nf.a(__sys_appexit.o)
                              /Applications/MCUXpressoIDE_11.7.1_9221/ide/plugins/com.nxp.mcuxpresso.tools.macosx_11.7.1.202301190959/tools/bin/../lib/gcc/arm-none-eabi/10.3.1/../../../../arm-none-eabi/lib/thumb/v6-m/nofp/libcr_nohost_nf.a(_cr_assert.o) (__sys_appexit)
/Applications/MCUXpressoIDE_11.7.1_9221/ide/plugins/com.nxp.mcuxpresso.tools.macosx_11.7.1.202301190959/tools/bin/../lib/gcc/arm-none-eabi/10.3.1/../../../../arm-none-eabi/lib/thumb/v6-m/nofp/libcr_c.a(memcpy.o)
                              ./drivers/fsl_ftfx_cache.o (memcpy)
/Applications/MCUXpressoIDE_11.7.1_9221/ide/plugins/com.nxp.mcuxpresso.tools.macosx_11.7.1.202301190959/tools/bin/../lib/gcc/arm-none-eabi/10.3.1/../../../../arm-none-eabi/lib/thumb/v6-m/nofp/libcr_c.a(memset.o)
                              ./utilities/fsl_debug_console.o (memset)
/Applications/MCUXpressoIDE_11.7.1_9221/ide/plugins/com.nxp.mcuxpresso.tools.macosx_11.7.1.202301190959/tools/bin/../lib/gcc/arm-none-eabi/10.3.1/../../../../arm-none-eabi/lib/thumb/v6-m/nofp/libcr_c.a(_deferredlazyseek.o)
                              /Applications/MCUXpressoIDE_11.7.1_9221/ide/plugins/com.nxp.mcuxpresso.tools.macosx_11.7.1.202301190959/tools/bin/../lib/gcc/arm-none-eabi/10.3.1/../../../../arm-none-eabi/lib/thumb/v6-m/nofp/libcr_nohost_nf.a(_cr_assert.o) (__flsbuf)
/Applications/MCUXpressoIDE_11.7.1_9221/ide/plugins/com.nxp.mcuxpresso.tools.macosx_11.7.1.202301190959/tools/bin/../lib/gcc/arm-none-eabi/10.3.1/../../../../arm-none-eabi/lib/thumb/v6-m/nofp/libcr_c.a(_fflush.o)
                              /Applications/MCUXpressoIDE_11.7.1_9221/ide/plugins/com.nxp.mcuxpresso.tools.macosx_11.7.1.202301190959/tools/bin/../lib/gcc/arm-none-eabi/10.3.1/../../../../arm-none-eabi/lib/thumb/v6-m/nofp/libcr_c.a(_deferredlazyseek.o) (_fflush)
/Applications/MCUXpressoIDE_11.7.1_9221/ide/plugins/com.nxp.mcuxpresso.tools.macosx_11.7.1.202301190959/tools/bin/../lib/gcc/arm-none-eabi/10.3.1/../../../../arm-none-eabi/lib/thumb/v6-m/nofp/libcr_c.a(_writebuf.o)
                              /Applications/MCUXpressoIDE_11.7.1_9221/ide/plugins/com.nxp.mcuxpresso.tools.macosx_11.7.1.202301190959/tools/bin/../lib/gcc/arm-none-eabi/10.3.1/../../../../arm-none-eabi/lib/thumb/v6-m/nofp/libcr_c.a(_deferredlazyseek.o) (_Cwritebuf)
/Applications/MCUXpressoIDE_11.7.1_9221/ide/plugins/com.nxp.mcuxpresso.tools.macosx_11.7.1.202301190959/tools/bin/../lib/gcc/arm-none-eabi/10.3.1/../../../../arm-none-eabi/lib/thumb/v6-m/nofp/libcr_c.a(alloc.o)
                              ./drivers/fsl_common.o (malloc)
/Applications/MCUXpressoIDE_11.7.1_9221/ide/plugins/com.nxp.mcuxpresso.tools.macosx_11.7.1.202301190959/tools/bin/../lib/gcc/arm-none-eabi/10.3.1/../../../../arm-none-eabi/lib/thumb/v6-m/nofp/libcr_c.a(fputs.o)
                              /Applications/MCUXpressoIDE_11.7.1_9221/ide/plugins/com.nxp.mcuxpresso.tools.macosx_11.7.1.202301190959/tools/bin/../lib/gcc/arm-none-eabi/10.3.1/../../../../arm-none-eabi/lib/thumb/v6-m/nofp/libcr_nohost_nf.a(_cr_assert.o) (fputs)
/Applications/MCUXpressoIDE_11.7.1_9221/ide/plugins/com.nxp.mcuxpresso.tools.macosx_11.7.1.202301190959/tools/bin/../lib/gcc/arm-none-eabi/10.3.1/../../../../arm-none-eabi/lib/thumb/v6-m/nofp/libcr_c.a(fseek.o)
                              /Applications/MCUXpressoIDE_11.7.1_9221/ide/plugins/com.nxp.mcuxpresso.tools.macosx_11.7.1.202301190959/tools/bin/../lib/gcc/arm-none-eabi/10.3.1/../../../../arm-none-eabi/lib/thumb/v6-m/nofp/libcr_c.a(_deferredlazyseek.o) (fseek)
[...]
Memory Configuration

Name             Origin             Length             Attributes
PROGRAM_FLASH    0x0000000000000000 0x0000000000040000 xr
SRAM             0x000000001fffe000 0x0000000000008000 xrw
*default*        0x0000000000000000 0xffffffffffffffff

Linker script and memory map

LOAD ./utilities/fsl_assert.o
LOAD ./utilities/fsl_debug_console.o
LOAD ./utilities/fsl_io.o
LOAD ./utilities/fsl_log.o
LOAD ./utilities/fsl_str.o
LOAD ./startup/startup_mkl46z4.o
LOAD ./source/bubble.o
LOAD ./source/mtb.o
LOAD ./source/semihost_hardfault.o
LOAD ./drivers/fsl_clock.o
LOAD ./drivers/fsl_common.o
LOAD ./drivers/fsl_ftfx_cache.o
LOAD ./drivers/fsl_ftfx_controller.o
LOAD ./drivers/fsl_ftfx_flash.o
LOAD ./drivers/fsl_ftfx_flexnvm.o
LOAD ./drivers/fsl_gpio.o
LOAD ./drivers/fsl_i2c.o
LOAD ./drivers/fsl_lpsci.o
LOAD ./drivers/fsl_smc.o
LOAD ./drivers/fsl_tpm.o
LOAD ./drivers/fsl_uart.o
LOAD ./board/board.o
LOAD ./board/clock_config.o
LOAD ./board/peripherals.o
LOAD ./board/pin_mux.o
LOAD ./accel/fsl_mma.o
LOAD ./CMSIS/system_MKL46Z4.o
START GROUP
LOAD /Applications/MCUXpressoIDE_11.7.1_9221/ide/plugins/com.nxp.mcuxpresso.tools.macosx_11.7.1.202301190959/tools/bin/../lib/gcc/arm-none-eabi/10.3.1/../../../../arm-none-eabi/lib/thumb/v6-m/nofp/libcr_nohost_nf.a
LOAD /Applications/MCUXpressoIDE_11.7.1_9221/ide/plugins/com.nxp.mcuxpresso.tools.macosx_11.7.1.202301190959/tools/bin/../lib/gcc/arm-none-eabi/10.3.1/../../../../arm-none-eabi/lib/thumb/v6-m/nofp/libcr_c.a
LOAD /Applications/MCUXpressoIDE_11.7.1_9221/ide/plugins/com.nxp.mcuxpresso.tools.macosx_11.7.1.202301190959/tools/bin/../lib/gcc/arm-none-eabi/10.3.1/thumb/v6-m/nofp/libcr_eabihelpers.a
LOAD /Applications/MCUXpressoIDE_11.7.1_9221/ide/plugins/com.nxp.mcuxpresso.tools.macosx_11.7.1.202301190959/tools/bin/../lib/gcc/arm-none-eabi/10.3.1/thumb/v6-m/nofp/libgcc.a
END GROUP
                0x0000000000000000                __base_PROGRAM_FLASH = 0x0
                0x0000000000000000                __base_Flash = 0x0
                0x0000000000040000                __top_PROGRAM_FLASH = 0x40000
                0x0000000000040000                __top_Flash = 0x40000
                0x000000001fffe000                __base_SRAM = 0x1fffe000
                0x000000001fffe000                __base_RAM = 0x1fffe000
                0x0000000020006000                __top_SRAM = 0x20006000
                0x0000000020006000                __top_RAM = 0x20006000

.text           0x0000000000000000     0x5500
 FILL mask 0xff
                0x0000000000000000                __vectors_start__ = ABSOLUTE (.)
 *(SORT_BY_ALIGNMENT(.isr_vector))
 .isr_vector    0x0000000000000000       0xc0 ./startup/startup_mkl46z4.o
                0x0000000000000000                __Vectors
                0x0000000000000000                g_pfnVectors
                0x00000000000000c0                . = ALIGN (0x4)
                0x00000000000000c0                __section_table_start = .
                0x00000000000000c0                __data_section_table = .
                0x00000000000000c0        0x4 LONG 0x5500 LOADADDR (.data)
                0x00000000000000c4        0x4 LONG 0x1fffe080 ADDR (.data)
                0x00000000000000c8        0x4 LONG 0xc SIZEOF (.data)
                0x00000000000000cc                __data_section_table_end = .
                0x00000000000000cc                __bss_section_table = .
                0x00000000000000cc        0x4 LONG 0x1fffe08c ADDR (.bss)
                0x00000000000000d0        0x4 LONG 0xf8 SIZEOF (.bss)
                0x00000000000000d4                __bss_section_table_end = .
                0x00000000000000d4                __section_table_end = .
 *(SORT_BY_ALIGNMENT(.after_vectors*))
 .after_vectors.reset
                0x00000000000000d4       0x4c ./startup/startup_mkl46z4.o
                0x00000000000000d4                ResetISR
 .after_vectors.init_data
                0x0000000000000120       0x12 ./startup/startup_mkl46z4.o
                0x0000000000000120                data_init
 .after_vectors.init_bss
                0x0000000000000132       0x10 ./startup/startup_mkl46z4.o
                0x0000000000000132                bss_init
 .after_vectors
                0x0000000000000142      0x10c ./startup/startup_mkl46z4.o
                0x0000000000000142                NMI_Handler
                0x0000000000000146                SVC_Handler
                0x0000000000000148                PendSV_Handler
                0x000000000000014a                SysTick_Handler
                0x000000000000014c                LPTMR0_DriverIRQHandler
                0x000000000000014c                PORTC_PORTD_DriverIRQHandler
                0x000000000000014c                DMA2_DriverIRQHandler
                0x000000000000014c                CMP0_DriverIRQHandler
                0x000000000000014c                I2S0_DriverIRQHandler
                0x000000000000014c                ADC0_DriverIRQHandler
                0x000000000000014c                SPI0_DriverIRQHandler
                0x000000000000014c                TPM2_DriverIRQHandler
                0x000000000000014c                DMA1_DriverIRQHandler
                0x000000000000014c                DMA3_DriverIRQHandler
                0x000000000000014c                PIT_DriverIRQHandler
                0x000000000000014c                DMA0_DriverIRQHandler
                0x000000000000014c                SPI1_DriverIRQHandler
                0x000000000000014c                Reserved20_DriverIRQHandler
                0x000000000000014c                TSI0_DriverIRQHandler
                0x000000000000014c                RTC_Seconds_DriverIRQHandler
                0x000000000000014c                LCD_DriverIRQHandler
                0x000000000000014c                RTC_DriverIRQHandler
                0x000000000000014c                LLWU_DriverIRQHandler
                0x000000000000014c                MCG_DriverIRQHandler
                0x000000000000014c                TPM1_DriverIRQHandler
                0x000000000000014c                PORTA_DriverIRQHandler
                0x000000000000014c                FTFA_DriverIRQHandler
                0x000000000000014c                IntDefaultHandler
                0x000000000000014c                USB0_DriverIRQHandler
                0x000000000000014c                DAC0_DriverIRQHandler
                0x000000000000014c                LVD_LVW_DriverIRQHandler
                0x000000000000014c                TPM0_DriverIRQHandler
                0x000000000000014e                DMA0_IRQHandler
                0x0000000000000156                DMA1_IRQHandler
                0x000000000000015e                DMA2_IRQHandler
                0x0000000000000166                DMA3_IRQHandler
                0x000000000000016e                Reserved20_IRQHandler
                0x0000000000000176                FTFA_IRQHandler
                0x000000000000017e                LVD_LVW_IRQHandler
                0x0000000000000186                LLWU_IRQHandler
                0x000000000000018e                I2C0_IRQHandler
                0x0000000000000196                I2C1_IRQHandler
                0x000000000000019e                SPI0_IRQHandler
                0x00000000000001a6                SPI1_IRQHandler
                0x00000000000001ae                UART0_IRQHandler
                0x00000000000001b6                UART1_IRQHandler
                0x00000000000001be                UART2_IRQHandler
                0x00000000000001c6                ADC0_IRQHandler
                0x00000000000001ce                CMP0_IRQHandler
                0x00000000000001d6                TPM0_IRQHandler
                0x00000000000001de                TPM1_IRQHandler
                0x00000000000001e6                TPM2_IRQHandler
                0x00000000000001ee                RTC_IRQHandler
                0x00000000000001f6                RTC_Seconds_IRQHandler
                0x00000000000001fe                PIT_IRQHandler
                0x0000000000000206                I2S0_IRQHandler
                0x000000000000020e                USB0_IRQHandler
                0x0000000000000216                DAC0_IRQHandler
                0x000000000000021e                TSI0_IRQHandler
                0x0000000000000226                MCG_IRQHandler
                0x000000000000022e                LPTMR0_IRQHandler
                0x0000000000000236                LCD_IRQHandler
                0x000000000000023e                PORTA_IRQHandler
                0x0000000000000246                PORTC_PORTD_IRQHandler
                0x0000000000000400                . = 0x400
 *fill*         0x000000000000024e      0x1b2 ff
                0x0000000000000400                PROVIDE (__FLASH_CONFIG_START__ = .)
 *(SORT_BY_ALIGNMENT(.FlashConfig))
 .FlashConfig   0x0000000000000400       0x10 ./startup/startup_mkl46z4.o
                0x0000000000000400                Flash_Config
                0x0000000000000410                PROVIDE (__FLASH_CONFIG_END__ = .)
                0x0000000000000001                ASSERT (! ((__FLASH_CONFIG_START__ == __FLASH_CONFIG_END__)), Linker Flash Config Support Enabled, but no .FlashConfig section provided within application)
 *(SORT_BY_ALIGNMENT(.text*))
 .text.DbgConsole_Init
                0x0000000000000410       0x40 ./utilities/fsl_debug_console.o
                0x0000000000000410                DbgConsole_Init
 .text.DbgConsole_Printf
                0x0000000000000450       0x88 ./utilities/fsl_debug_console.o
                0x0000000000000450                DbgConsole_Printf
 .text.IO_Init  0x00000000000004d8       0xc8 ./utilities/fsl_io.o
                0x00000000000004d8                IO_Init
 .text.IO_Transfer
                0x00000000000005a0       0x94 ./utilities/fsl_io.o
                0x00000000000005a0                IO_Transfer
 .text.LOG_Push
                0x0000000000000634       0x34 ./utilities/fsl_log.o
                0x0000000000000634                LOG_Push
 .text.StrFormatPrintf
                0x0000000000000668      0xbfc ./utilities/fsl_str.o
                0x0000000000000668                StrFormatPrintf
 .text.CLOCK_SetTpmClock
                0x0000000000001264       0x38 ./source/bubble.o
 .text.BOARD_I2C_ReleaseBus
                0x000000000000129c       0xbc ./source/bubble.o
                0x000000000000129c                BOARD_I2C_ReleaseBus
 .text.Board_UpdatePwm
                0x0000000000001358       0x40 ./source/bubble.o
 .text.main     0x0000000000001398      0x224 ./source/bubble.o
                0x0000000000001398                main
 .text.HardFault_Handler
                0x00000000000015bc       0x30 ./source/semihost_hardfault.o
                0x00000000000015bc                HardFault_Handler
 .text.CLOCK_SetEr32kClock
                0x00000000000015ec       0x34 ./drivers/fsl_clock.o
 .text.CLOCK_SetPllFllSelClock
                0x0000000000001620       0x38 ./drivers/fsl_clock.o
 .text.CLOCK_GetMcgExtClkFreq
                0x0000000000001658       0x28 ./drivers/fsl_clock.o
 .text.CLOCK_GetFllExtRefClkFreq
                0x0000000000001680       0xa8 ./drivers/fsl_clock.o
 .text.CLOCK_GetInternalRefClkSelectFreq
                0x0000000000001728       0x40 ./drivers/fsl_clock.o
 .text.CLOCK_GetFllRefClkFreq
                0x0000000000001768       0x2c ./drivers/fsl_clock.o
 .text.CLOCK_GetOscRangeFromFreq
                0x0000000000001794       0x4c ./drivers/fsl_clock.o
 .text.CLOCK_GetOsc0ErClkFreq
                0x00000000000017e0       0x3c ./drivers/fsl_clock.o
                0x00000000000017e0                CLOCK_GetOsc0ErClkFreq
 .text.CLOCK_GetEr32kClkFreq
                0x000000000000181c       0x78 ./drivers/fsl_clock.o
                0x000000000000181c                CLOCK_GetEr32kClkFreq
 .text.CLOCK_GetPllFllSelClkFreq
                0x0000000000001894       0x4c ./drivers/fsl_clock.o
                0x0000000000001894                CLOCK_GetPllFllSelClkFreq
 .text.CLOCK_GetFreq
                0x00000000000018e0       0xe0 ./drivers/fsl_clock.o
                0x00000000000018e0                CLOCK_GetFreq
 .text.CLOCK_SetSimConfig
                0x00000000000019c0       0x38 ./drivers/fsl_clock.o
                0x00000000000019c0                CLOCK_SetSimConfig
 .text.CLOCK_GetOutClkFreq
                0x00000000000019f8       0x78 ./drivers/fsl_clock.o
                0x00000000000019f8                CLOCK_GetOutClkFreq
 .text.CLOCK_GetFllFreq
                0x0000000000001a70       0x84 ./drivers/fsl_clock.o
                0x0000000000001a70                CLOCK_GetFllFreq
 .text.CLOCK_GetInternalRefClkFreq
                0x0000000000001af4       0x28 ./drivers/fsl_clock.o
                0x0000000000001af4                CLOCK_GetInternalRefClkFreq
 .text.CLOCK_GetPll0Freq
                0x0000000000001b1c       0x70 ./drivers/fsl_clock.o
                0x0000000000001b1c                CLOCK_GetPll0Freq
 .text.CLOCK_SetInternalRefClkConfig
                0x0000000000001b8c      0x124 ./drivers/fsl_clock.o
                0x0000000000001b8c                CLOCK_SetInternalRefClkConfig
 .text.CLOCK_EnablePll0
                0x0000000000001cb0       0x94 ./drivers/fsl_clock.o
                0x0000000000001cb0                CLOCK_EnablePll0
 .text.CLOCK_InitOsc0
                0x0000000000001d44       0x94 ./drivers/fsl_clock.o
                0x0000000000001d44                CLOCK_InitOsc0
 .text.CLOCK_SetPbeMode
                0x0000000000001dd8       0xb0 ./drivers/fsl_clock.o
                0x0000000000001dd8                CLOCK_SetPbeMode
 .text.CLOCK_BootToPeeMode
                0x0000000000001e88       0x70 ./drivers/fsl_clock.o
                0x0000000000001e88                CLOCK_BootToPeeMode
 .text.GPIO_PinInit
                0x0000000000001ef8       0x64 ./drivers/fsl_gpio.o
                0x0000000000001ef8                GPIO_PinInit
 .text.CLOCK_EnableClock
                0x0000000000001f5c       0x34 ./drivers/fsl_i2c.o
 .text.I2C_GetInstance
                0x0000000000001f90       0x4c ./drivers/fsl_i2c.o
                0x0000000000001f90                I2C_GetInstance
 .text.I2C_CheckAndClearError
                0x0000000000001fdc       0x40 ./drivers/fsl_i2c.o
 .text.I2C_TransferCommonIRQHandler
                0x000000000000201c       0x58 ./drivers/fsl_i2c.o
 .text.I2C_MasterInit
                0x0000000000002074       0xfc ./drivers/fsl_i2c.o
                0x0000000000002074                I2C_MasterInit
 .text.I2C_MasterSetBaudRate
                0x0000000000002170       0xf0 ./drivers/fsl_i2c.o
                0x0000000000002170                I2C_MasterSetBaudRate
 .text.I2C_MasterStart
                0x0000000000002260       0x74 ./drivers/fsl_i2c.o
                0x0000000000002260                I2C_MasterStart
 .text.I2C_MasterRepeatedStart
                0x00000000000022d4       0xbc ./drivers/fsl_i2c.o
                0x00000000000022d4                I2C_MasterRepeatedStart
 .text.I2C_MasterWriteBlocking
                0x0000000000002390       0xec ./drivers/fsl_i2c.o
                0x0000000000002390                I2C_MasterWriteBlocking
 .text.I2C_MasterTransferBlocking
                0x000000000000247c      0x24c ./drivers/fsl_i2c.o
                0x000000000000247c                I2C_MasterTransferBlocking
 .text.I2C0_DriverIRQHandler
                0x00000000000026c8       0x20 ./drivers/fsl_i2c.o
                0x00000000000026c8                I2C0_DriverIRQHandler
 .text.I2C1_DriverIRQHandler
                0x00000000000026e8       0x20 ./drivers/fsl_i2c.o
                0x00000000000026e8                I2C1_DriverIRQHandler
 .text.CLOCK_EnableClock
                0x0000000000002708       0x34 ./drivers/fsl_lpsci.o
 .text.LPSCI_GetInstance
                0x000000000000273c       0x48 ./drivers/fsl_lpsci.o
                0x000000000000273c                LPSCI_GetInstance
 .text.LPSCI_Init
                0x0000000000002784      0x270 ./drivers/fsl_lpsci.o
                0x0000000000002784                LPSCI_Init
 .text.LPSCI_GetDefaultConfig
                0x00000000000029f4       0x48 ./drivers/fsl_lpsci.o
                0x00000000000029f4                LPSCI_GetDefaultConfig
 .text.LPSCI_ClearStatusFlags
                0x0000000000002a3c       0x94 ./drivers/fsl_lpsci.o
                0x0000000000002a3c                LPSCI_ClearStatusFlags
 .text.LPSCI_WriteBlocking
                0x0000000000002ad0       0x4c ./drivers/fsl_lpsci.o
                0x0000000000002ad0                LPSCI_WriteBlocking
 .text.LPSCI_ReadBlocking
                0x0000000000002b1c       0xc0 ./drivers/fsl_lpsci.o
                0x0000000000002b1c                LPSCI_ReadBlocking
 .text.UART0_DriverIRQHandler
                0x0000000000002bdc       0x24 ./drivers/fsl_lpsci.o
                0x0000000000002bdc                UART0_DriverIRQHandler
 .text.CLOCK_EnableClock
                0x0000000000002c00       0x34 ./drivers/fsl_tpm.o
 .text.TPM_GetInstance
                0x0000000000002c34       0x54 ./drivers/fsl_tpm.o
 .text.TPM_Init
                0x0000000000002c88       0xd0 ./drivers/fsl_tpm.o
                0x0000000000002c88                TPM_Init
 .text.TPM_SetupPwm
                0x0000000000002d58      0x1f4 ./drivers/fsl_tpm.o
                0x0000000000002d58                TPM_SetupPwm
 .text.TPM_UpdatePwmDutycycle
                0x0000000000002f4c       0xc4 ./drivers/fsl_tpm.o
                0x0000000000002f4c                TPM_UpdatePwmDutycycle
 .text.CLOCK_EnableClock
                0x0000000000003010       0x34 ./drivers/fsl_uart.o
 .text.UART_GetInstance
                0x0000000000003044       0x54 ./drivers/fsl_uart.o
                0x0000000000003044                UART_GetInstance
 .text.UART_Init
                0x0000000000003098      0x1f8 ./drivers/fsl_uart.o
                0x0000000000003098                UART_Init
 .text.UART_GetDefaultConfig
                0x0000000000003290       0x48 ./drivers/fsl_uart.o
                0x0000000000003290                UART_GetDefaultConfig
 .text.UART_ReadBlocking
                0x00000000000032d8       0x98 ./drivers/fsl_uart.o
                0x00000000000032d8                UART_ReadBlocking
 .text.UART1_DriverIRQHandler
                0x0000000000003370       0x24 ./drivers/fsl_uart.o
                0x0000000000003370                UART1_DriverIRQHandler
 .text.UART2_DriverIRQHandler
                0x0000000000003394       0x24 ./drivers/fsl_uart.o
                0x0000000000003394                UART2_DriverIRQHandler
 .text.CLOCK_SetLpsci0Clock
                0x00000000000033b8       0x38 ./board/board.o
 .text.BOARD_InitDebugConsole
                0x00000000000033f0       0x30 ./board/board.o
                0x00000000000033f0                BOARD_InitDebugConsole
 .text.BOARD_Accel_I2C_Send
                0x0000000000003420       0x50 ./board/board.o
                0x0000000000003420                BOARD_Accel_I2C_Send
 .text.BOARD_Accel_I2C_Receive
                0x0000000000003470       0x4c ./board/board.o
                0x0000000000003470                BOARD_Accel_I2C_Receive
 .text.CLOCK_SetSimSafeDivs
                0x00000000000034bc       0x20 ./board/clock_config.o
 .text.CLOCK_SetXtal0Freq
                0x00000000000034dc       0x1c ./board/clock_config.o
 .text.CLOCK_CONFIG_SetFllExtRefDiv
                0x00000000000034f8       0x3c ./board/clock_config.o
 .text.BOARD_BootClockRUN
                0x0000000000003534       0x64 ./board/clock_config.o
                0x0000000000003534                BOARD_BootClockRUN
 .text.BOARD_TIMER_init
                0x0000000000003598       0x40 ./board/peripherals.o
                0x0000000000003598                BOARD_TIMER_init
 .text.BOARD_ACCEL_I2C_init
                0x00000000000035d8       0x24 ./board/peripherals.o
                0x00000000000035d8                BOARD_ACCEL_I2C_init
 .text.CLOCK_EnableClock
                0x00000000000035fc       0x34 ./board/pin_mux.o
 .text.PORT_SetPinConfig
                0x0000000000003630       0x38 ./board/pin_mux.o
 .text.PORT_SetPinMux
                0x0000000000003668       0x40 ./board/pin_mux.o
 .text.BOARD_InitPins
                0x00000000000036a8       0x84 ./board/pin_mux.o
                0x00000000000036a8                BOARD_InitPins
 .text.BOARD_I2C_ConfigurePins
                0x000000000000372c       0x78 ./board/pin_mux.o
                0x000000000000372c                BOARD_I2C_ConfigurePins
 .text.BOARD_Init_I2C_GPIO_pins
                0x00000000000037a4       0x68 ./board/pin_mux.o
                0x00000000000037a4                BOARD_Init_I2C_GPIO_pins
 .text.MMA_Init
                0x000000000000380c      0x1c4 ./accel/fsl_mma.o
                0x000000000000380c                MMA_Init
 .text.MMA_ReadReg
                0x00000000000039d0       0x64 ./accel/fsl_mma.o
                0x00000000000039d0                MMA_ReadReg
 .text.MMA_WriteReg
                0x0000000000003a34       0x54 ./accel/fsl_mma.o
                0x0000000000003a34                MMA_WriteReg
 .text.SystemInit
                0x0000000000003a88       0x1c ./CMSIS/system_MKL46Z4.o
                0x0000000000003a88                SystemInit
 .text.__assertion_failed
                0x0000000000003aa4       0x4c /Applications/MCUXpressoIDE_11.7.1_9221/ide/plugins/com.nxp.mcuxpresso.tools.macosx_11.7.1.202301190959/tools/bin/../lib/gcc/arm-none-eabi/10.3.1/../../../../arm-none-eabi/lib/thumb/v6-m/nofp/libcr_nohost_nf.a(_cr_assert.o)
                0x0000000000003aa4                __assertion_failed
 .text._deferredlazyseek
                0x0000000000003af0       0x40 /Applications/MCUXpressoIDE_11.7.1_9221/ide/plugins/com.nxp.mcuxpresso.tools.macosx_11.7.1.202301190959/tools/bin/../lib/gcc/arm-none-eabi/10.3.1/../../../../arm-none-eabi/lib/thumb/v6-m/nofp/libcr_c.a(_deferredlazyseek.o)
                0x0000000000003af0                _deferredlazyseek
 .text.__flsbuf
                0x0000000000003b30      0x150 /Applications/MCUXpressoIDE_11.7.1_9221/ide/plugins/com.nxp.mcuxpresso.tools.macosx_11.7.1.202301190959/tools/bin/../lib/gcc/arm-none-eabi/10.3.1/../../../../arm-none-eabi/lib/thumb/v6-m/nofp/libcr_c.a(_deferredlazyseek.o)
                0x0000000000003b30                __flsbuf
 .text._fflush  0x0000000000003c80       0x60 /Applications/MCUXpressoIDE_11.7.1_9221/ide/plugins/com.nxp.mcuxpresso.tools.macosx_11.7.1.202301190959/tools/bin/../lib/gcc/arm-none-eabi/10.3.1/../../../../arm-none-eabi/lib/thumb/v6-m/nofp/libcr_c.a(_fflush.o)
                0x0000000000003c80                _fflush
 .text._Cwritebuf
                0x0000000000003ce0       0x68 /Applications/MCUXpressoIDE_11.7.1_9221/ide/plugins/com.nxp.mcuxpresso.tools.macosx_11.7.1.202301190959/tools/bin/../lib/gcc/arm-none-eabi/10.3.1/../../../../arm-none-eabi/lib/thumb/v6-m/nofp/libcr_c.a(_writebuf.o)
                0x0000000000003ce0                _Cwritebuf
 .text.malloc   0x0000000000003d48       0xcc /Applications/MCUXpressoIDE_11.7.1_9221/ide/plugins/com.nxp.mcuxpresso.tools.macosx_11.7.1.202301190959/tools/bin/../lib/gcc/arm-none-eabi/10.3.1/../../../../arm-none-eabi/lib/thumb/v6-m/nofp/libcr_c.a(alloc.o)
                0x0000000000003d48                malloc
 .text._Csys_alloc
                0x0000000000003e14       0x20 /Applications/MCUXpressoIDE_11.7.1_9221/ide/plugins/com.nxp.mcuxpresso.tools.macosx_11.7.1.202301190959/tools/bin/../lib/gcc/arm-none-eabi/10.3.1/../../../../arm-none-eabi/lib/thumb/v6-m/nofp/libcr_c.a(alloc.o)
                0x0000000000003e14                _Csys_alloc
 .text.fseek    0x0000000000003e34       0xf0 /Applications/MCUXpressoIDE_11.7.1_9221/ide/plugins/com.nxp.mcuxpresso.tools.macosx_11.7.1.202301190959/tools/bin/../lib/gcc/arm-none-eabi/10.3.1/../../../../arm-none-eabi/lib/thumb/v6-m/nofp/libcr_c.a(fseek.o)
                0x0000000000003e34                fseek
 .text.ftell    0x0000000000003f24       0x48 /Applications/MCUXpressoIDE_11.7.1_9221/ide/plugins/com.nxp.mcuxpresso.tools.macosx_11.7.1.202301190959/tools/bin/../lib/gcc/arm-none-eabi/10.3.1/../../../../arm-none-eabi/lib/thumb/v6-m/nofp/libcr_c.a(ftell.o)
                0x0000000000003f24                ftell
 .text._initio  0x0000000000003f6c       0x7c /Applications/MCUXpressoIDE_11.7.1_9221/ide/plugins/com.nxp.mcuxpresso.tools.macosx_11.7.1.202301190959/tools/bin/../lib/gcc/arm-none-eabi/10.3.1/../../../../arm-none-eabi/lib/thumb/v6-m/nofp/libcr_c.a(initio.o)
                0x0000000000003f6c                _initio
 .text.setvbuf  0x0000000000003fe8       0x4c /Applications/MCUXpressoIDE_11.7.1_9221/ide/plugins/com.nxp.mcuxpresso.tools.macosx_11.7.1.202301190959/tools/bin/../lib/gcc/arm-none-eabi/10.3.1/../../../../arm-none-eabi/lib/thumb/v6-m/nofp/libcr_c.a(setvbuf.o)
                0x0000000000003fe8                setvbuf
 .text.strlen   0x0000000000004034       0x58 /Applications/MCUXpressoIDE_11.7.1_9221/ide/plugins/com.nxp.mcuxpresso.tools.macosx_11.7.1.202301190959/tools/bin/../lib/gcc/arm-none-eabi/10.3.1/../../../../arm-none-eabi/lib/thumb/v6-m/nofp/libcr_c.a(strlen.o)
                0x0000000000004034                strlen
 .text._sbrk    0x000000000000408c       0x44 /Applications/MCUXpressoIDE_11.7.1_9221/ide/plugins/com.nxp.mcuxpresso.tools.macosx_11.7.1.202301190959/tools/bin/../lib/gcc/arm-none-eabi/10.3.1/../../../../arm-none-eabi/lib/thumb/v6-m/nofp/libcr_c.a(_cr_sbrk.o)
                0x000000000000408c                _sbrk
 .text._fdopen  0x00000000000040d0       0x74 /Applications/MCUXpressoIDE_11.7.1_9221/ide/plugins/com.nxp.mcuxpresso.tools.macosx_11.7.1.202301190959/tools/bin/../lib/gcc/arm-none-eabi/10.3.1/../../../../arm-none-eabi/lib/thumb/v6-m/nofp/libcr_c.a(_fdopen.o)
                0x00000000000040d0                _fdopen
 .text.fclose   0x0000000000004144       0x5c /Applications/MCUXpressoIDE_11.7.1_9221/ide/plugins/com.nxp.mcuxpresso.tools.macosx_11.7.1.202301190959/tools/bin/../lib/gcc/arm-none-eabi/10.3.1/../../../../arm-none-eabi/lib/thumb/v6-m/nofp/libcr_c.a(fclose.o)
                0x0000000000004144                fclose
 .text.fflush   0x00000000000041a0       0x44 /Applications/MCUXpressoIDE_11.7.1_9221/ide/plugins/com.nxp.mcuxpresso.tools.macosx_11.7.1.202301190959/tools/bin/../lib/gcc/arm-none-eabi/10.3.1/../../../../arm-none-eabi/lib/thumb/v6-m/nofp/libcr_c.a(fflush.o)
                0x00000000000041a0                fflush
 .text.__check_heap_overflow
                0x00000000000041e4       0x18 /Applications/MCUXpressoIDE_11.7.1_9221/ide/plugins/com.nxp.mcuxpresso.tools.macosx_11.7.1.202301190959/tools/bin/../lib/gcc/arm-none-eabi/10.3.1/../../../../arm-none-eabi/lib/thumb/v6-m/nofp/libcr_c.a(_cr_check_heap.o)
                0x00000000000041e4                __check_heap_overflow
 .text._do_fflush
                0x00000000000041fc       0x48 /Applications/MCUXpressoIDE_11.7.1_9221/ide/plugins/com.nxp.mcuxpresso.tools.macosx_11.7.1.202301190959/tools/bin/../lib/gcc/arm-none-eabi/10.3.1/../../../../arm-none-eabi/lib/thumb/v6-m/nofp/libcr_c.a(_do_fflush.o)
                0x00000000000041fc                _do_fflush
 .text.DbgConsole_RelocateLog
                0x0000000000004244       0x6c ./utilities/fsl_debug_console.o
 .text.UART_EnableTx
                0x00000000000042b0       0x40 ./utilities/fsl_io.o
 .text.UART_EnableRx
                0x00000000000042f0       0x40 ./utilities/fsl_io.o
 .text.LPSCI_EnableTx
                0x0000000000004330       0x40 ./utilities/fsl_io.o
 .text.LPSCI_EnableRx
                0x0000000000004370       0x40 ./utilities/fsl_io.o
 .text.LOG_Init
                0x00000000000043b0       0x3a ./utilities/fsl_log.o
                0x00000000000043b0                LOG_Init
 .text.LOG_Pop  0x00000000000043ea       0x4a ./utilities/fsl_log.o
                0x00000000000043ea                LOG_Pop
 .text.ConvertRadixNumToString
                0x0000000000004434      0x1d0 ./utilities/fsl_str.o
 .text.TPM_StartTimer
                0x0000000000004604       0x3a ./source/bubble.o
 .text.GPIO_PinWrite
                0x000000000000463e       0x34 ./source/bubble.o
 .text.i2c_release_bus_delay
                0x0000000000004672       0x28 ./source/bubble.o
 .text.OSC_SetExtRefClkConfig
                0x000000000000469a       0x3e ./drivers/fsl_clock.o
 .text.OSC_SetCapLoad
                0x00000000000046d8       0x42 ./drivers/fsl_clock.o
 .text.CLOCK_GetPll0RefFreq
                0x000000000000471a       0x10 ./drivers/fsl_clock.o
 .text.CLOCK_GetFixedFreqClkFreq
                0x000000000000472a       0x30 ./drivers/fsl_clock.o
                0x000000000000472a                CLOCK_GetFixedFreqClkFreq
 .text.CLOCK_SetExternalRefClkConfig
                0x000000000000475a       0x16 ./drivers/fsl_clock.o
                0x000000000000475a                CLOCK_SetExternalRefClkConfig
 .text.GPIO_PinWrite
                0x0000000000004770       0x34 ./drivers/fsl_gpio.o
 .text.GPIO_WritePinOutput
                0x00000000000047a4       0x24 ./drivers/fsl_gpio.o
 .text.I2C_MasterClearStatusFlags
                0x00000000000047c8       0x56 ./drivers/fsl_i2c.o
 .text.I2C_MasterStop
                0x000000000000481e       0x36 ./drivers/fsl_i2c.o
                0x000000000000481e                I2C_MasterStop
 .text.I2C_MasterGetStatusFlags
                0x0000000000004854       0x4a ./drivers/fsl_i2c.o
                0x0000000000004854                I2C_MasterGetStatusFlags
 .text.I2C_MasterReadBlocking
                0x000000000000489e       0xea ./drivers/fsl_i2c.o
                0x000000000000489e                I2C_MasterReadBlocking
 .text.LPSCI_GetStatusFlags
                0x0000000000004988       0x26 ./drivers/fsl_lpsci.o
                0x0000000000004988                LPSCI_GetStatusFlags
 .text.UART_GetStatusFlags
                0x00000000000049ae       0x26 ./drivers/fsl_uart.o
                0x00000000000049ae                UART_GetStatusFlags
 .text.UART_WriteBlocking
                0x00000000000049d4       0x3c ./drivers/fsl_uart.o
                0x00000000000049d4                UART_WriteBlocking
 .text.BOARD_I2C_Send
                0x0000000000004a10       0x6c ./board/board.o
                0x0000000000004a10                BOARD_I2C_Send
 .text.BOARD_I2C_Receive
                0x0000000000004a7c       0x6c ./board/board.o
                0x0000000000004a7c                BOARD_I2C_Receive
 .text.BOARD_InitPeripherals
                0x0000000000004ae8       0x12 ./board/peripherals.o
                0x0000000000004ae8                BOARD_InitPeripherals
 .text.MMA_ReadSensorData
                0x0000000000004afa       0xfe ./accel/fsl_mma.o
                0x0000000000004afa                MMA_ReadSensorData
 .text.SystemInitHook
                0x0000000000004bf8        0xa ./CMSIS/system_MKL46Z4.o
                0x0000000000004bf8                SystemInitHook
 .text.__main   0x0000000000004c02        0xc /Applications/MCUXpressoIDE_11.7.1_9221/ide/plugins/com.nxp.mcuxpresso.tools.macosx_11.7.1.202301190959/tools/bin/../lib/gcc/arm-none-eabi/10.3.1/../../../../arm-none-eabi/lib/thumb/v6-m/nofp/libcr_nohost_nf.a(_cr__main.o)
                0x0000000000004c02                __main
 .text.__sys_appexit
                0x0000000000004c0e        0x2 /Applications/MCUXpressoIDE_11.7.1_9221/ide/plugins/com.nxp.mcuxpresso.tools.macosx_11.7.1.202301190959/tools/bin/../lib/gcc/arm-none-eabi/10.3.1/../../../../arm-none-eabi/lib/thumb/v6-m/nofp/libcr_nohost_nf.a(__sys_appexit.o)
                0x0000000000004c0e                __exit
                0x0000000000004c0e                __sys_appexit
 .text.memset   0x0000000000004c10        0x8 /Applications/MCUXpressoIDE_11.7.1_9221/ide/plugins/com.nxp.mcuxpresso.tools.macosx_11.7.1.202301190959/tools/bin/../lib/gcc/arm-none-eabi/10.3.1/../../../../arm-none-eabi/lib/thumb/v6-m/nofp/libcr_c.a(memset.o)
                0x0000000000004c10                memset
 .text.free     0x0000000000004c18       0x2c /Applications/MCUXpressoIDE_11.7.1_9221/ide/plugins/com.nxp.mcuxpresso.tools.macosx_11.7.1.202301190959/tools/bin/../lib/gcc/arm-none-eabi/10.3.1/../../../../arm-none-eabi/lib/thumb/v6-m/nofp/libcr_c.a(alloc.o)
                0x0000000000004c18                free
 .text.fputs    0x0000000000004c44       0x2e /Applications/MCUXpressoIDE_11.7.1_9221/ide/plugins/com.nxp.mcuxpresso.tools.macosx_11.7.1.202301190959/tools/bin/../lib/gcc/arm-none-eabi/10.3.1/../../../../arm-none-eabi/lib/thumb/v6-m/nofp/libcr_c.a(fputs.o)
                0x0000000000004c44                fputs
 .text.remove   0x0000000000004c72       0x12 /Applications/MCUXpressoIDE_11.7.1_9221/ide/plugins/com.nxp.mcuxpresso.tools.macosx_11.7.1.202301190959/tools/bin/../lib/gcc/arm-none-eabi/10.3.1/../../../../arm-none-eabi/lib/thumb/v6-m/nofp/libcr_c.a(remove.o)
                0x0000000000004c72                remove
 .text.__aeabi_division_idivmod
                0x0000000000004c84       0x78 /Applications/MCUXpressoIDE_11.7.1_9221/ide/plugins/com.nxp.mcuxpresso.tools.macosx_11.7.1.202301190959/tools/bin/../lib/gcc/arm-none-eabi/10.3.1/thumb/v6-m/nofp/libcr_eabihelpers.a(division_32.o)
                0x0000000000004c84                __aeabi_idiv
                0x0000000000004c84                __aeabi_idivmod
                0x0000000000004c8a                __aeabi_uidiv
                0x0000000000004c8a                __aeabi_uidivmod
 .text.__aeabi_division_uldivmod
                0x0000000000004cfc       0x5a /Applications/MCUXpressoIDE_11.7.1_9221/ide/plugins/com.nxp.mcuxpresso.tools.macosx_11.7.1.202301190959/tools/bin/../lib/gcc/arm-none-eabi/10.3.1/thumb/v6-m/nofp/libcr_eabihelpers.a(division_64.o)
                0x0000000000004cfc                __aeabi_uldivmod
 .text.__aeabi_division_ldivmod
                0x0000000000004d56       0x32 /Applications/MCUXpressoIDE_11.7.1_9221/ide/plugins/com.nxp.mcuxpresso.tools.macosx_11.7.1.202301190959/tools/bin/../lib/gcc/arm-none-eabi/10.3.1/thumb/v6-m/nofp/libcr_eabihelpers.a(division_64.o)
                0x0000000000004d56                __aeabi_ldivmod
 .text.__aeabi_division_idiv0
                0x0000000000004d88        0x2 /Applications/MCUXpressoIDE_11.7.1_9221/ide/plugins/com.nxp.mcuxpresso.tools.macosx_11.7.1.202301190959/tools/bin/../lib/gcc/arm-none-eabi/10.3.1/thumb/v6-m/nofp/libcr_eabihelpers.a(division_idiv0.o)
                0x0000000000004d88                __aeabi_idiv0
 .text.__aeabi_llong_lmul
                0x0000000000004d8a       0x2e /Applications/MCUXpressoIDE_11.7.1_9221/ide/plugins/com.nxp.mcuxpresso.tools.macosx_11.7.1.202301190959/tools/bin/../lib/gcc/arm-none-eabi/10.3.1/thumb/v6-m/nofp/libcr_eabihelpers.a(llong.o)
                0x0000000000004d8a                __aeabi_lmul
 .text.__aeabi_memset_lowlevel
                0x0000000000004db8       0x2a /Applications/MCUXpressoIDE_11.7.1_9221/ide/plugins/com.nxp.mcuxpresso.tools.macosx_11.7.1.202301190959/tools/bin/../lib/gcc/arm-none-eabi/10.3.1/thumb/v6-m/nofp/libcr_eabihelpers.a(memcpy.o)
                0x0000000000004db8                __aeabi_lowlevel_memset
 .text.__sys_close
                0x0000000000004de2        0x6 /Applications/MCUXpressoIDE_11.7.1_9221/ide/plugins/com.nxp.mcuxpresso.tools.macosx_11.7.1.202301190959/tools/bin/../lib/gcc/arm-none-eabi/10.3.1/../../../../arm-none-eabi/lib/thumb/v6-m/nofp/libcr_nohost_nf.a(__sys_close.o)
                0x0000000000004de2                __sys_close
 .text.__sys_flen
                0x0000000000004de8        0x6 /Applications/MCUXpressoIDE_11.7.1_9221/ide/plugins/com.nxp.mcuxpresso.tools.macosx_11.7.1.202301190959/tools/bin/../lib/gcc/arm-none-eabi/10.3.1/../../../../arm-none-eabi/lib/thumb/v6-m/nofp/libcr_nohost_nf.a(__sys_flen.o)
                0x0000000000004de8                __sys_flen
 .text.__sys_istty
                0x0000000000004dee        0x6 /Applications/MCUXpressoIDE_11.7.1_9221/ide/plugins/com.nxp.mcuxpresso.tools.macosx_11.7.1.202301190959/tools/bin/../lib/gcc/arm-none-eabi/10.3.1/../../../../arm-none-eabi/lib/thumb/v6-m/nofp/libcr_nohost_nf.a(__sys_istty.o)
                0x0000000000004dee                __sys_istty
 .text.__sys_remove
                0x0000000000004df4        0x6 /Applications/MCUXpressoIDE_11.7.1_9221/ide/plugins/com.nxp.mcuxpresso.tools.macosx_11.7.1.202301190959/tools/bin/../lib/gcc/arm-none-eabi/10.3.1/../../../../arm-none-eabi/lib/thumb/v6-m/nofp/libcr_nohost_nf.a(__sys_remove.o)
                0x0000000000004df4                __sys_remove
 .text.__sys_seek
                0x0000000000004dfa        0x6 /Applications/MCUXpressoIDE_11.7.1_9221/ide/plugins/com.nxp.mcuxpresso.tools.macosx_11.7.1.202301190959/tools/bin/../lib/gcc/arm-none-eabi/10.3.1/../../../../arm-none-eabi/lib/thumb/v6-m/nofp/libcr_nohost_nf.a(__sys_seek.o)
                0x0000000000004dfa                __sys_seek
 .text.__sys_tmpnam
                0x0000000000004e00        0x6 /Applications/MCUXpressoIDE_11.7.1_9221/ide/plugins/com.nxp.mcuxpresso.tools.macosx_11.7.1.202301190959/tools/bin/../lib/gcc/arm-none-eabi/10.3.1/../../../../arm-none-eabi/lib/thumb/v6-m/nofp/libcr_nohost_nf.a(__sys_tmpnam.o)
                0x0000000000004e00                __sys_tmpnam
 .text.__sys_write
                0x0000000000004e06        0x4 /Applications/MCUXpressoIDE_11.7.1_9221/ide/plugins/com.nxp.mcuxpresso.tools.macosx_11.7.1.202301190959/tools/bin/../lib/gcc/arm-none-eabi/10.3.1/../../../../arm-none-eabi/lib/thumb/v6-m/nofp/libcr_nohost_nf.a(__sys_write.o)
                0x0000000000004e06                __sys_write
 *(SORT_BY_ALIGNMENT(.rodata) SORT_BY_ALIGNMENT(.rodata.*) SORT_BY_ALIGNMENT(.constdata) SORT_BY_ALIGNMENT(.constdata.*))
 *fill*         0x0000000000004e0a        0x2 ff
 .rodata.DbgConsole_Init.str1.4
                0x0000000000004e0c       0x43 ./utilities/fsl_debug_console.o
 *fill*         0x0000000000004e4f        0x1 ff
 .rodata.IO_Init.str1.4
                0x0000000000004e50       0x1a ./utilities/fsl_io.o
 *fill*         0x0000000000004e6a        0x2 ff
 .rodata.LOG_Push.str1.4
                0x0000000000004e6c       0x1c ./utilities/fsl_log.o
 .rodata.StrFormatPrintf
                0x0000000000004e88       0x44 ./utilities/fsl_str.o
 .rodata.main.str1.4
                0x0000000000004ecc        0xd ./source/bubble.o
 *fill*         0x0000000000004ed9        0x3 ff
 .rodata.CLOCK_GetMcgExtClkFreq.str1.4
                0x0000000000004edc       0x1e ./drivers/fsl_clock.o
 *fill*         0x0000000000004efa        0x2 ff
 .rodata.CLOCK_GetOsc0ErClkFreq.str1.4
                0x0000000000004efc       0x1e ./drivers/fsl_clock.o
 *fill*         0x0000000000004f1a        0x2 ff
 .rodata.CLOCK_GetEr32kClkFreq.str1.4
                0x0000000000004f1c       0x1f ./drivers/fsl_clock.o
 *fill*         0x0000000000004f3b        0x1 ff
 .rodata.CLOCK_GetFreq
                0x0000000000004f3c       0x34 ./drivers/fsl_clock.o
 .rodata.CLOCK_GetPll0Freq.str1.4
                0x0000000000004f70       0x1d ./drivers/fsl_clock.o
 *fill*         0x0000000000004f8d        0x3 ff
 .rodata.CLOCK_EnablePll0.str1.4
                0x0000000000004f90       0x19 ./drivers/fsl_clock.o
 *fill*         0x0000000000004fa9        0x3 ff
 .rodata.CLOCK_SetPbeMode.str1.4
                0x0000000000004fac       0x1a ./drivers/fsl_clock.o
 *fill*         0x0000000000004fc6        0x2 ff
 .rodata.CLOCK_BootToPeeMode.str1.4
                0x0000000000004fc8       0x1a ./drivers/fsl_clock.o
 *fill*         0x0000000000004fe2        0x2 ff
 .rodata.fllFactorTable.1
                0x0000000000004fe4       0x10 ./drivers/fsl_clock.o
 .rodata.GPIO_PinInit.str1.4
                0x0000000000004ff4       0x18 ./drivers/fsl_gpio.o
 .rodata.s_i2cBases
                0x000000000000500c        0x8 ./drivers/fsl_i2c.o
                0x000000000000500c                s_i2cBases
 .rodata.s_i2cDividerTable
                0x0000000000005014       0x80 ./drivers/fsl_i2c.o
 .rodata.s_i2cClocks
                0x0000000000005094        0x8 ./drivers/fsl_i2c.o
 .rodata.I2C_GetInstance.str1.4
                0x000000000000509c       0x32 ./drivers/fsl_i2c.o
 *fill*         0x00000000000050ce        0x2 ff
 .rodata.I2C_MasterInit.str1.4
                0x00000000000050d0       0x2c ./drivers/fsl_i2c.o
 .rodata.I2C_MasterTransferBlocking.str1.4
                0x00000000000050fc       0x16 ./drivers/fsl_i2c.o
 *fill*         0x0000000000005112        0x2 ff
 .rodata.LPSCI_GetInstance.str1.4
                0x0000000000005114       0x36 ./drivers/fsl_lpsci.o
 *fill*         0x000000000000514a        0x2 ff
 .rodata.LPSCI_Init.str1.4
                0x000000000000514c       0x43 ./drivers/fsl_lpsci.o
 *fill*         0x000000000000518f        0x1 ff
 .rodata.LPSCI_GetDefaultConfig.str1.4
                0x0000000000005190       0x19 ./drivers/fsl_lpsci.o
 *fill*         0x00000000000051a9        0x3 ff
 .rodata.LPSCI_WriteBlocking.str1.4
                0x00000000000051ac       0x17 ./drivers/fsl_lpsci.o
 *fill*         0x00000000000051c3        0x1 ff
 .rodata.LPSCI_ReadBlocking.str1.4
                0x00000000000051c4       0x17 ./drivers/fsl_lpsci.o
 *fill*         0x00000000000051db        0x1 ff
 .rodata.s_tpmBases
                0x00000000000051dc        0xc ./drivers/fsl_tpm.o
 .rodata.s_tpmClocks
                0x00000000000051e8        0xc ./drivers/fsl_tpm.o
 .rodata.TPM_GetInstance.str1.4
                0x00000000000051f4       0x28 ./drivers/fsl_tpm.o
 .rodata.TPM_Init.str1.4
                0x000000000000521c       0x16 ./drivers/fsl_tpm.o
 *fill*         0x0000000000005232        0x2 ff
 .rodata.TPM_SetupPwm.str1.4
                0x0000000000005234       0x70 ./drivers/fsl_tpm.o
 .rodata.TPM_UpdatePwmDutycycle.str1.4
                0x00000000000052a4       0x42 ./drivers/fsl_tpm.o
 *fill*         0x00000000000052e6        0x2 ff
 .rodata.s_uartBases
                0x00000000000052e8        0xc ./drivers/fsl_uart.o
 .rodata.s_uartClock
                0x00000000000052f4        0xc ./drivers/fsl_uart.o
 .rodata.UART_GetInstance.str1.4
                0x0000000000005300       0x2b ./drivers/fsl_uart.o
 *fill*         0x000000000000532b        0x1 ff
 .rodata.UART_Init.str1.4
                0x000000000000532c       0x3e ./drivers/fsl_uart.o
 *fill*         0x000000000000536a        0x2 ff
 .rodata.UART_GetDefaultConfig.str1.4
                0x000000000000536c       0x18 ./drivers/fsl_uart.o
 .rodata.UART_ReadBlocking.str1.4
                0x0000000000005384       0x16 ./drivers/fsl_uart.o
 *fill*         0x000000000000539a        0x2 ff
 .rodata.mcgConfig_BOARD_BootClockRUN
                0x000000000000539c        0xa ./board/clock_config.o
                0x000000000000539c                mcgConfig_BOARD_BootClockRUN
 *fill*         0x00000000000053a6        0x2 ff
 .rodata.simConfig_BOARD_BootClockRUN
                0x00000000000053a8        0x8 ./board/clock_config.o
                0x00000000000053a8                simConfig_BOARD_BootClockRUN
 .rodata.oscConfig_BOARD_BootClockRUN
                0x00000000000053b0        0x8 ./board/clock_config.o
                0x00000000000053b0                oscConfig_BOARD_BootClockRUN
 .rodata.BOARD_TIMER_config
                0x00000000000053b8        0x8 ./board/peripherals.o
                0x00000000000053b8                BOARD_TIMER_config
 .rodata.BOARD_TIMER_pwmSignalParams
                0x00000000000053c0        0x6 ./board/peripherals.o
                0x00000000000053c0                BOARD_TIMER_pwmSignalParams
 *fill*         0x00000000000053c6        0x2 ff
 .rodata.BOARD_ACCEL_I2C_config
                0x00000000000053c8        0xc ./board/peripherals.o
                0x00000000000053c8                BOARD_ACCEL_I2C_config
 .rodata.PORT_SetPinConfig.str1.4
                0x00000000000053d4       0x7b ./board/pin_mux.o
 *fill*         0x000000000000544f        0x1 ff
 .rodata        0x0000000000005450        0x2 ./board/pin_mux.o
 *fill*         0x0000000000005452        0x2 ff
 .rodata.MMA_Init.str1.4
                0x0000000000005454       0x2e ./accel/fsl_mma.o
 *fill*         0x0000000000005482        0x2 ff
 .rodata.MMA_ReadReg.str1.4
                0x0000000000005484       0x2c ./accel/fsl_mma.o
 .rodata.MMA_WriteReg.str1.4
                0x00000000000054b0       0x17 ./accel/fsl_mma.o
 *fill*         0x00000000000054c7        0x1 ff
 .rodata.__num_Ciob_streams
                0x00000000000054c8        0x4 /Applications/MCUXpressoIDE_11.7.1_9221/ide/plugins/com.nxp.mcuxpresso.tools.macosx_11.7.1.202301190959/tools/bin/../lib/gcc/arm-none-eabi/10.3.1/../../../../arm-none-eabi/lib/thumb/v6-m/nofp/libcr_nohost_nf.a(__ciob.o)
                0x00000000000054c8                __num_Ciob_streams
 .rodata.__assertion_failed.str1.1
                0x00000000000054cc       0x15 /Applications/MCUXpressoIDE_11.7.1_9221/ide/plugins/com.nxp.mcuxpresso.tools.macosx_11.7.1.202301190959/tools/bin/../lib/gcc/arm-none-eabi/10.3.1/../../../../arm-none-eabi/lib/thumb/v6-m/nofp/libcr_nohost_nf.a(_cr_assert.o)
 .rodata._Csys_alloc.str1.1
                0x00000000000054e1       0x18 /Applications/MCUXpressoIDE_11.7.1_9221/ide/plugins/com.nxp.mcuxpresso.tools.macosx_11.7.1.202301190959/tools/bin/../lib/gcc/arm-none-eabi/10.3.1/../../../../arm-none-eabi/lib/thumb/v6-m/nofp/libcr_c.a(alloc.o)
 .rodata._initio.str1.1
                0x00000000000054f9        0x4 /Applications/MCUXpressoIDE_11.7.1_9221/ide/plugins/com.nxp.mcuxpresso.tools.macosx_11.7.1.202301190959/tools/bin/../lib/gcc/arm-none-eabi/10.3.1/../../../../arm-none-eabi/lib/thumb/v6-m/nofp/libcr_c.a(initio.o)
                0x0000000000005500                . = ALIGN (0x4)
 *fill*         0x00000000000054fd        0x3 ff

.glue_7         0x0000000000005500        0x0
 .glue_7        0x0000000000005500        0x0 linker stubs

.glue_7t        0x0000000000005500        0x0
 .glue_7t       0x0000000000005500        0x0 linker stubs

.vfp11_veneer   0x0000000000005500        0x0
 .vfp11_veneer  0x0000000000005500        0x0 linker stubs

.v4_bx          0x0000000000005500        0x0
 .v4_bx         0x0000000000005500        0x0 linker stubs

.iplt           0x0000000000005500        0x0
 .iplt          0x0000000000005500        0x0 ./utilities/fsl_debug_console.o

.rel.dyn        0x0000000000005500        0x0
 .rel.iplt      0x0000000000005500        0x0 ./utilities/fsl_debug_console.o

.ARM.extab
 *(SORT_BY_ALIGNMENT(.ARM.extab*) SORT_BY_ALIGNMENT(.gnu.linkonce.armextab.*))

.ARM.exidx      0x0000000000005500        0x0
                0x0000000000005500                __exidx_start = .
 *(SORT_BY_ALIGNMENT(.ARM.exidx*) SORT_BY_ALIGNMENT(.gnu.linkonce.armexidx.*))
                0x0000000000005500                __exidx_end = .
                0x0000000000005500                _etext = .

.m_usb_data
 *(SORT_BY_ALIGNMENT(m_usb_bdt))

.mtb_buffer_default
                0x000000001fffe000       0x80
 *(SORT_BY_ALIGNMENT(.mtb*))
 .mtb.$RAM1     0x000000001fffe000       0x80 ./source/mtb.o
                0x000000001fffe000                __mtb_buffer__

.uninit_RESERVED
                0x000000001fffe080        0x0
                0x000000001fffe080                _start_uninit_RESERVED = .
 *(SORT_BY_ALIGNMENT(.bss.$RESERVED*))
                0x000000001fffe080                . = ALIGN (0x4)
                0x000000001fffe080                _end_uninit_RESERVED = .

.data           0x000000001fffe080        0xc load address 0x0000000000005500
 FILL mask 0xff
                0x000000001fffe080                _data = .
                [!provide]                        PROVIDE (__start_data_RAM = .)
                [!provide]                        PROVIDE (__start_data_SRAM = .)
 *(SORT_BY_ALIGNMENT(vtable))
 *(SORT_BY_ALIGNMENT(.ramfunc*))
 *(SORT_BY_ALIGNMENT(CodeQuickAccess))
 *(SORT_BY_ALIGNMENT(DataQuickAccess))
 *(SORT_BY_ALIGNMENT(RamFunction))
 *(SORT_BY_ALIGNMENT(.data*))
 .data.s_slowIrcFreq
                0x000000001fffe080        0x4 ./drivers/fsl_clock.o
 .data.s_fastIrcFreq
                0x000000001fffe084        0x4 ./drivers/fsl_clock.o
 .data.SystemCoreClock
                0x000000001fffe088        0x4 ./CMSIS/system_MKL46Z4.o
                0x000000001fffe088                SystemCoreClock
                0x000000001fffe08c                . = ALIGN (0x4)
                0x000000001fffe08c                _edata = .
                [!provide]                        PROVIDE (__end_data_RAM = .)
                [!provide]                        PROVIDE (__end_data_SRAM = .)

.igot.plt       0x000000001fffe08c        0x0 load address 0x000000000000550c
 .igot.plt      0x000000001fffe08c        0x0 ./utilities/fsl_debug_console.o

.bss            0x000000001fffe08c       0xf8
                0x000000001fffe08c                _bss = .
                [!provide]                        PROVIDE (__start_bss_RAM = .)
                [!provide]                        PROVIDE (__start_bss_SRAM = .)
 *(SORT_BY_ALIGNMENT(.bss*))
 .bss.s_debugConsoleIO
                0x000000001fffe08c        0x8 ./utilities/fsl_io.o
 .bss.g_xtal0Freq
                0x000000001fffe094        0x4 ./drivers/fsl_clock.o
                0x000000001fffe094                g_xtal0Freq
 .bss.g_xtal32Freq
                0x000000001fffe098        0x4 ./drivers/fsl_clock.o
                0x000000001fffe098                g_xtal32Freq
 .bss.s_i2cHandle
                0x000000001fffe09c        0x8 ./drivers/fsl_i2c.o
 .bss.s_i2cMasterIsr
                0x000000001fffe0a4        0x4 ./drivers/fsl_i2c.o
 .bss.s_i2cSlaveIsr
                0x000000001fffe0a8        0x4 ./drivers/fsl_i2c.o
 .bss.s_lpsciHandle
                0x000000001fffe0ac        0x4 ./drivers/fsl_lpsci.o
 .bss.s_lpsciIsr
                0x000000001fffe0b0        0x4 ./drivers/fsl_lpsci.o
 .bss.s_uartHandle
                0x000000001fffe0b4        0xc ./drivers/fsl_uart.o
 .bss.s_uartIsr
                0x000000001fffe0c0        0x4 ./drivers/fsl_uart.o
 .bss.__Ciob    0x000000001fffe0c4       0xb4 /Applications/MCUXpressoIDE_11.7.1_9221/ide/plugins/com.nxp.mcuxpresso.tools.macosx_11.7.1.202301190959/tools/bin/../lib/gcc/arm-none-eabi/10.3.1/../../../../arm-none-eabi/lib/thumb/v6-m/nofp/libcr_nohost_nf.a(__ciob.o)
                0x000000001fffe0c4                __Ciob
 .bss.__end_of_heap
                0x000000001fffe178        0x4 /Applications/MCUXpressoIDE_11.7.1_9221/ide/plugins/com.nxp.mcuxpresso.tools.macosx_11.7.1.202301190959/tools/bin/../lib/gcc/arm-none-eabi/10.3.1/../../../../arm-none-eabi/lib/thumb/v6-m/nofp/libcr_c.a(__init_alloc.o)
                0x000000001fffe178                __end_of_heap
 .bss.__heaps   0x000000001fffe17c        0x4 /Applications/MCUXpressoIDE_11.7.1_9221/ide/plugins/com.nxp.mcuxpresso.tools.macosx_11.7.1.202301190959/tools/bin/../lib/gcc/arm-none-eabi/10.3.1/../../../../arm-none-eabi/lib/thumb/v6-m/nofp/libcr_c.a(__init_alloc.o)
                0x000000001fffe17c                __heaps
 .bss.errno     0x000000001fffe180        0x4 /Applications/MCUXpressoIDE_11.7.1_9221/ide/plugins/com.nxp.mcuxpresso.tools.macosx_11.7.1.202301190959/tools/bin/../lib/gcc/arm-none-eabi/10.3.1/../../../../arm-none-eabi/lib/thumb/v6-m/nofp/libcr_c.a(errno.o)
                0x000000001fffe180                errno
 *(SORT_BY_ALIGNMENT(COMMON))
                0x000000001fffe184                . = ALIGN (0x4)
                0x000000001fffe184                _ebss = .
                [!provide]                        PROVIDE (__end_bss_RAM = .)
                [!provide]                        PROVIDE (__end_bss_SRAM = .)
                [!provide]                        PROVIDE (end = .)

.noinit         0x000000001fffe184        0x0
                0x000000001fffe184                _noinit = .
                [!provide]                        PROVIDE (__start_noinit_RAM = .)
                [!provide]                        PROVIDE (__start_noinit_SRAM = .)
 *(SORT_BY_ALIGNMENT(.noinit*))
                0x000000001fffe184                . = ALIGN (0x4)
                0x000000001fffe184                _end_noinit = .
                [!provide]                        PROVIDE (__end_noinit_RAM = .)
                [!provide]                        PROVIDE (__end_noinit_SRAM = .)
                0x0000000000000800                _HeapSize = 0x800

.heap           0x000000001fffe184      0x800
                0x000000001fffe184                _pvHeapStart = .
                0x000000001fffe984                . = (. + _HeapSize)
 *fill*         0x000000001fffe184      0x800 
                0x000000001fffe984                . = ALIGN (0x4)
                0x000000001fffe984                _pvHeapLimit = .
                0x0000000000000800                _StackSize = 0x800

.heap2stackfill
                0x000000001fffe984      0x800
                0x000000001ffff184                . = (. + _StackSize)
 *fill*         0x000000001fffe984      0x800 

.stack          0x0000000020005800        0x0
                0x0000000020005800                _vStackBase = .
                0x0000000020005800                . = ALIGN (0x4)
                0x0000000020006000                _vStackTop = (. + _StackSize)
                0x0000000000000000                _image_start = LOADADDR (.text)
                0x000000000000550c                _image_end = (LOADADDR (.data) + SIZEOF (.data))
                0x000000000000550c                _image_size = (_image_end - _image_start)
OUTPUT(frdmkl46z_bubble_peripheral.axf elf32-littlearm)
LOAD linker stubs

.debug_info     0x0000000000000000     0xc07d
 .debug_info    0x0000000000000000      0x32b ./utilities/fsl_debug_console.o
 .debug_info    0x000000000000032b      0x8c2 ./utilities/fsl_io.o
 .debug_info    0x0000000000000bed      0x2f1 ./utilities/fsl_log.o
 .debug_info    0x0000000000000ede      0x592 ./utilities/fsl_str.o
 .debug_info    0x0000000000001470      0x4e7 ./startup/startup_mkl46z4.o
 .debug_info    0x0000000000001957      0xacb ./source/bubble.o
 .debug_info    0x0000000000002422       0x4f ./source/mtb.o
 .debug_info    0x0000000000002471       0x38 ./source/semihost_hardfault.o
 .debug_info    0x00000000000024a9     0x1a87 ./drivers/fsl_clock.o
 .debug_info    0x0000000000003f30      0x7d8 ./drivers/fsl_gpio.o
 .debug_info    0x0000000000004708     0x1ab6 ./drivers/fsl_i2c.o
 .debug_info    0x00000000000061be     0x14a8 ./drivers/fsl_lpsci.o
 .debug_info    0x0000000000007666      0xc71 ./drivers/fsl_tpm.o
 .debug_info    0x00000000000082d7     0x1449 ./drivers/fsl_uart.o
 .debug_info    0x0000000000009720      0x725 ./board/board.o
 .debug_info    0x0000000000009e45      0xaee ./board/clock_config.o
 .debug_info    0x000000000000a933      0x767 ./board/peripherals.o
 .debug_info    0x000000000000b09a      0x7e5 ./board/pin_mux.o
 .debug_info    0x000000000000b87f      0x3f4 ./accel/fsl_mma.o
 .debug_info    0x000000000000bc73      0x40a ./CMSIS/system_MKL46Z4.o

.debug_abbrev   0x0000000000000000     0x2448
 .debug_abbrev  0x0000000000000000      0x155 ./utilities/fsl_debug_console.o
 .debug_abbrev  0x0000000000000155      0x1d1 ./utilities/fsl_io.o
 .debug_abbrev  0x0000000000000326      0x159 ./utilities/fsl_log.o
 .debug_abbrev  0x000000000000047f      0x193 ./utilities/fsl_str.o
 .debug_abbrev  0x0000000000000612      0x195 ./startup/startup_mkl46z4.o
 .debug_abbrev  0x00000000000007a7      0x247 ./source/bubble.o
 .debug_abbrev  0x00000000000009ee       0x43 ./source/mtb.o
 .debug_abbrev  0x0000000000000a31       0x2e ./source/semihost_hardfault.o
 .debug_abbrev  0x0000000000000a5f      0x348 ./drivers/fsl_clock.o
 .debug_abbrev  0x0000000000000da7      0x1f3 ./drivers/fsl_gpio.o
 .debug_abbrev  0x0000000000000f9a      0x373 ./drivers/fsl_i2c.o
 .debug_abbrev  0x000000000000130d      0x2f0 ./drivers/fsl_lpsci.o
 .debug_abbrev  0x00000000000015fd      0x24d ./drivers/fsl_tpm.o
 .debug_abbrev  0x000000000000184a      0x2f0 ./drivers/fsl_uart.o
 .debug_abbrev  0x0000000000001b3a      0x190 ./board/board.o
 .debug_abbrev  0x0000000000001cca      0x1fe ./board/clock_config.o
 .debug_abbrev  0x0000000000001ec8      0x128 ./board/peripherals.o
 .debug_abbrev  0x0000000000001ff0      0x21d ./board/pin_mux.o
 .debug_abbrev  0x000000000000220d       0xf6 ./accel/fsl_mma.o
 .debug_abbrev  0x0000000000002303      0x145 ./CMSIS/system_MKL46Z4.o

.debug_aranges  0x0000000000000000      0xb48
 .debug_aranges
                0x0000000000000000       0x58 ./utilities/fsl_debug_console.o
 .debug_aranges
                0x0000000000000058       0x58 ./utilities/fsl_io.o
 .debug_aranges
                0x00000000000000b0       0x58 ./utilities/fsl_log.o
 .debug_aranges
                0x0000000000000108       0x38 ./utilities/fsl_str.o
 .debug_aranges
                0x0000000000000140      0x160 ./startup/startup_mkl46z4.o
 .debug_aranges
                0x00000000000002a0       0x50 ./source/bubble.o
 .debug_aranges
                0x00000000000002f0       0x18 ./source/mtb.o
 .debug_aranges
                0x0000000000000308       0x20 ./source/semihost_hardfault.o
 .debug_aranges
                0x0000000000000328      0x1d8 ./drivers/fsl_clock.o
 .debug_aranges
                0x0000000000000500       0x78 ./drivers/fsl_gpio.o
 .debug_aranges
                0x0000000000000578      0x178 ./drivers/fsl_i2c.o
 .debug_aranges
                0x00000000000006f0      0x118 ./drivers/fsl_lpsci.o
 .debug_aranges
                0x0000000000000808       0x88 ./drivers/fsl_tpm.o
 .debug_aranges
                0x0000000000000890      0x130 ./drivers/fsl_uart.o
 .debug_aranges
                0x00000000000009c0       0x48 ./board/board.o
 .debug_aranges
                0x0000000000000a08       0x50 ./board/clock_config.o
 .debug_aranges
                0x0000000000000a58       0x38 ./board/peripherals.o
 .debug_aranges
                0x0000000000000a90       0x50 ./board/pin_mux.o
 .debug_aranges
                0x0000000000000ae0       0x38 ./accel/fsl_mma.o
 .debug_aranges
                0x0000000000000b18       0x30 ./CMSIS/system_MKL46Z4.o

.debug_ranges   0x0000000000000000      0xa00
 .debug_ranges  0x0000000000000000       0x48 ./utilities/fsl_debug_console.o
 .debug_ranges  0x0000000000000048       0x48 ./utilities/fsl_io.o
 .debug_ranges  0x0000000000000090       0x48 ./utilities/fsl_log.o
 .debug_ranges  0x00000000000000d8       0x28 ./utilities/fsl_str.o
 .debug_ranges  0x0000000000000100      0x150 ./startup/startup_mkl46z4.o
 .debug_ranges  0x0000000000000250       0x40 ./source/bubble.o
 .debug_ranges  0x0000000000000290       0x10 ./source/semihost_hardfault.o
 .debug_ranges  0x00000000000002a0      0x1c8 ./drivers/fsl_clock.o
 .debug_ranges  0x0000000000000468       0x68 ./drivers/fsl_gpio.o
 .debug_ranges  0x00000000000004d0      0x168 ./drivers/fsl_i2c.o
 .debug_ranges  0x0000000000000638      0x108 ./drivers/fsl_lpsci.o
 .debug_ranges  0x0000000000000740       0x78 ./drivers/fsl_tpm.o
 .debug_ranges  0x00000000000007b8      0x120 ./drivers/fsl_uart.o
 .debug_ranges  0x00000000000008d8       0x38 ./board/board.o
 .debug_ranges  0x0000000000000910       0x40 ./board/clock_config.o
 .debug_ranges  0x0000000000000950       0x28 ./board/peripherals.o
 .debug_ranges  0x0000000000000978       0x40 ./board/pin_mux.o
 .debug_ranges  0x00000000000009b8       0x28 ./accel/fsl_mma.o
 .debug_ranges  0x00000000000009e0       0x20 ./CMSIS/system_MKL46Z4.o

.debug_line     0x0000000000000000     0x73ad
 .debug_line    0x0000000000000000      0x290 ./utilities/fsl_debug_console.o
 .debug_line    0x0000000000000290      0x468 ./utilities/fsl_io.o
 .debug_line    0x00000000000006f8      0x350 ./utilities/fsl_log.o
 .debug_line    0x0000000000000a48      0x975 ./utilities/fsl_str.o
 .debug_line    0x00000000000013bd      0x1ed ./startup/startup_mkl46z4.o
 .debug_line    0x00000000000015aa      0x43b ./source/bubble.o
 .debug_line    0x00000000000019e5       0x30 ./source/mtb.o
 .debug_line    0x0000000000001a15       0x59 ./source/semihost_hardfault.o
 .debug_line    0x0000000000001a6e     0x11b0 ./drivers/fsl_clock.o
 .debug_line    0x0000000000002c1e      0x367 ./drivers/fsl_gpio.o
 .debug_line    0x0000000000002f85     0x1312 ./drivers/fsl_i2c.o
 .debug_line    0x0000000000004297      0xd18 ./drivers/fsl_lpsci.o
 .debug_line    0x0000000000004faf      0x6d2 ./drivers/fsl_tpm.o
 .debug_line    0x0000000000005681      0xd23 ./drivers/fsl_uart.o
 .debug_line    0x00000000000063a4      0x32c ./board/board.o
 .debug_line    0x00000000000066d0      0x2c9 ./board/clock_config.o
 .debug_line    0x0000000000006999      0x23d ./board/peripherals.o
 .debug_line    0x0000000000006bd6      0x2d1 ./board/pin_mux.o
 .debug_line    0x0000000000006ea7      0x2d6 ./accel/fsl_mma.o
 .debug_line    0x000000000000717d      0x230 ./CMSIS/system_MKL46Z4.o

.debug_str      0x0000000000000000     0x5913
 .debug_str     0x0000000000000000      0x367 ./utilities/fsl_debug_console.o
                                        0x39e (size before relaxing)
 .debug_str     0x0000000000000367      0xae8 ./utilities/fsl_io.o
                                        0xd97 (size before relaxing)
 .debug_str     0x0000000000000e4f       0x85 ./utilities/fsl_log.o
                                        0x34c (size before relaxing)
 .debug_str     0x0000000000000ed4      0x295 ./utilities/fsl_str.o
                                        0x4bc (size before relaxing)
 .debug_str     0x0000000000001169      0x379 ./startup/startup_mkl46z4.o
                                        0x4ca (size before relaxing)
 .debug_str     0x00000000000014e2      0x549 ./source/bubble.o
                                        0xd5f (size before relaxing)
 .debug_str     0x0000000000001a2b       0x1f ./source/mtb.o
                                        0x16f (size before relaxing)
 .debug_str     0x0000000000001a4a       0x1f ./source/semihost_hardfault.o
                                        0x16f (size before relaxing)
 .debug_str     0x0000000000001a69      0xfc3 ./drivers/fsl_clock.o
                                       0x18b2 (size before relaxing)
 .debug_str     0x0000000000002a2c      0x17d ./drivers/fsl_gpio.o
                                        0x963 (size before relaxing)
 .debug_str     0x0000000000002ba9      0xe1a ./drivers/fsl_i2c.o
                                       0x1856 (size before relaxing)
 .debug_str     0x00000000000039c3      0x81f ./drivers/fsl_lpsci.o
                                       0x16fc (size before relaxing)
 .debug_str     0x00000000000041e2      0x797 ./drivers/fsl_tpm.o
                                       0x1248 (size before relaxing)
 .debug_str     0x0000000000004979      0x735 ./drivers/fsl_uart.o
                                       0x1703 (size before relaxing)
 .debug_str     0x00000000000050ae       0xd4 ./board/board.o
                                        0x4e9 (size before relaxing)
 .debug_str     0x0000000000005182      0x2e3 ./board/clock_config.o
                                        0xe86 (size before relaxing)
 .debug_str     0x0000000000005465       0xb3 ./board/peripherals.o
                                        0xdf0 (size before relaxing)
 .debug_str     0x0000000000005518      0x346 ./board/pin_mux.o
                                        0x877 (size before relaxing)
 .debug_str     0x000000000000585e       0x57 ./accel/fsl_mma.o
                                        0x521 (size before relaxing)
 .debug_str     0x00000000000058b5       0x5e ./CMSIS/system_MKL46Z4.o
                                        0x32a (size before relaxing)

.comment        0x0000000000000000       0x49
 .comment       0x0000000000000000       0x49 ./utilities/fsl_debug_console.o
                                         0x4a (size before relaxing)
 .comment       0x0000000000000049       0x4a ./utilities/fsl_io.o
 .comment       0x0000000000000049       0x4a ./utilities/fsl_log.o
 .comment       0x0000000000000049       0x4a ./utilities/fsl_str.o
 .comment       0x0000000000000049       0x4a ./startup/startup_mkl46z4.o
 .comment       0x0000000000000049       0x4a ./source/bubble.o
 .comment       0x0000000000000049       0x4a ./source/mtb.o
 .comment       0x0000000000000049       0x4a ./source/semihost_hardfault.o
 .comment       0x0000000000000049       0x4a ./drivers/fsl_clock.o
 .comment       0x0000000000000049       0x4a ./drivers/fsl_gpio.o
 .comment       0x0000000000000049       0x4a ./drivers/fsl_i2c.o
 .comment       0x0000000000000049       0x4a ./drivers/fsl_lpsci.o
 .comment       0x0000000000000049       0x4a ./drivers/fsl_tpm.o
 .comment       0x0000000000000049       0x4a ./drivers/fsl_uart.o
 .comment       0x0000000000000049       0x4a ./board/board.o
 .comment       0x0000000000000049       0x4a ./board/clock_config.o
 .comment       0x0000000000000049       0x4a ./board/peripherals.o
 .comment       0x0000000000000049       0x4a ./board/pin_mux.o
 .comment       0x0000000000000049       0x4a ./accel/fsl_mma.o
 .comment       0x0000000000000049       0x4a ./CMSIS/system_MKL46Z4.o
 .comment       0x0000000000000049       0x4a /Applications/MCUXpressoIDE_11.7.1_9221/ide/plugins/com.nxp.mcuxpresso.tools.macosx_11.7.1.202301190959/tools/bin/../lib/gcc/arm-none-eabi/10.3.1/../../../../arm-none-eabi/lib/thumb/v6-m/nofp/libcr_nohost_nf.a(_cr__main.o)
 .comment       0x0000000000000049       0x4a /Applications/MCUXpressoIDE_11.7.1_9221/ide/plugins/com.nxp.mcuxpresso.tools.macosx_11.7.1.202301190959/tools/bin/../lib/gcc/arm-none-eabi/10.3.1/../../../../arm-none-eabi/lib/thumb/v6-m/nofp/libcr_nohost_nf.a(_cr_assert.o)
 .comment       0x0000000000000049       0x4a /Applications/MCUXpressoIDE_11.7.1_9221/ide/plugins/com.nxp.mcuxpresso.tools.macosx_11.7.1.202301190959/tools/bin/../lib/gcc/arm-none-eabi/10.3.1/../../../../arm-none-eabi/lib/thumb/v6-m/nofp/libcr_nohost_nf.a(__ciob.o)
 .comment       0x0000000000000049       0x4a /Applications/MCUXpressoIDE_11.7.1_9221/ide/plugins/com.nxp.mcuxpresso.tools.macosx_11.7.1.202301190959/tools/bin/../lib/gcc/arm-none-eabi/10.3.1/../../../../arm-none-eabi/lib/thumb/v6-m/nofp/libcr_nohost_nf.a(__sys_appexit.o)
 .comment       0x0000000000000049       0x4a /Applications/MCUXpressoIDE_11.7.1_9221/ide/plugins/com.nxp.mcuxpresso.tools.macosx_11.7.1.202301190959/tools/bin/../lib/gcc/arm-none-eabi/10.3.1/../../../../arm-none-eabi/lib/thumb/v6-m/nofp/libcr_c.a(memset.o)
 .comment       0x0000000000000049       0x4a /Applications/MCUXpressoIDE_11.7.1_9221/ide/plugins/com.nxp.mcuxpresso.tools.macosx_11.7.1.202301190959/tools/bin/../lib/gcc/arm-none-eabi/10.3.1/../../../../arm-none-eabi/lib/thumb/v6-m/nofp/libcr_c.a(_deferredlazyseek.o)
 .comment       0x0000000000000049       0x4a /Applications/MCUXpressoIDE_11.7.1_9221/ide/plugins/com.nxp.mcuxpresso.tools.macosx_11.7.1.202301190959/tools/bin/../lib/gcc/arm-none-eabi/10.3.1/../../../../arm-none-eabi/lib/thumb/v6-m/nofp/libcr_c.a(_fflush.o)
 .comment       0x0000000000000049       0x4a /Applications/MCUXpressoIDE_11.7.1_9221/ide/plugins/com.nxp.mcuxpresso.tools.macosx_11.7.1.202301190959/tools/bin/../lib/gcc/arm-none-eabi/10.3.1/../../../../arm-none-eabi/lib/thumb/v6-m/nofp/libcr_c.a(_writebuf.o)
 .comment       0x0000000000000049       0x4a /Applications/MCUXpressoIDE_11.7.1_9221/ide/plugins/com.nxp.mcuxpresso.tools.macosx_11.7.1.202301190959/tools/bin/../lib/gcc/arm-none-eabi/10.3.1/../../../../arm-none-eabi/lib/thumb/v6-m/nofp/libcr_c.a(alloc.o)
 .comment       0x0000000000000049       0x4a /Applications/MCUXpressoIDE_11.7.1_9221/ide/plugins/com.nxp.mcuxpresso.tools.macosx_11.7.1.202301190959/tools/bin/../lib/gcc/arm-none-eabi/10.3.1/../../../../arm-none-eabi/lib/thumb/v6-m/nofp/libcr_c.a(fputs.o)
 .comment       0x0000000000000049       0x4a /Applications/MCUXpressoIDE_11.7.1_9221/ide/plugins/com.nxp.mcuxpresso.tools.macosx_11.7.1.202301190959/tools/bin/../lib/gcc/arm-none-eabi/10.3.1/../../../../arm-none-eabi/lib/thumb/v6-m/nofp/libcr_c.a(fseek.o)
 .comment       0x0000000000000049       0x4a /Applications/MCUXpressoIDE_11.7.1_9221/ide/plugins/com.nxp.mcuxpresso.tools.macosx_11.7.1.202301190959/tools/bin/../lib/gcc/arm-none-eabi/10.3.1/../../../../arm-none-eabi/lib/thumb/v6-m/nofp/libcr_c.a(ftell.o)
 .comment       0x0000000000000049       0x4a /Applications/MCUXpressoIDE_11.7.1_9221/ide/plugins/com.nxp.mcuxpresso.tools.macosx_11.7.1.202301190959/tools/bin/../lib/gcc/arm-none-eabi/10.3.1/../../../../arm-none-eabi/lib/thumb/v6-m/nofp/libcr_c.a(initio.o)
 .comment       0x0000000000000049       0x4a /Applications/MCUXpressoIDE_11.7.1_9221/ide/plugins/com.nxp.mcuxpresso.tools.macosx_11.7.1.202301190959/tools/bin/../lib/gcc/arm-none-eabi/10.3.1/../../../../arm-none-eabi/lib/thumb/v6-m/nofp/libcr_c.a(setvbuf.o)
 .comment       0x0000000000000049       0x4a /Applications/MCUXpressoIDE_11.7.1_9221/ide/plugins/com.nxp.mcuxpresso.tools.macosx_11.7.1.202301190959/tools/bin/../lib/gcc/arm-none-eabi/10.3.1/../../../../arm-none-eabi/lib/thumb/v6-m/nofp/libcr_c.a(strlen.o)
 .comment       0x0000000000000049       0x4a /Applications/MCUXpressoIDE_11.7.1_9221/ide/plugins/com.nxp.mcuxpresso.tools.macosx_11.7.1.202301190959/tools/bin/../lib/gcc/arm-none-eabi/10.3.1/../../../../arm-none-eabi/lib/thumb/v6-m/nofp/libcr_c.a(__init_alloc.o)
 .comment       0x0000000000000049       0x4a /Applications/MCUXpressoIDE_11.7.1_9221/ide/plugins/com.nxp.mcuxpresso.tools.macosx_11.7.1.202301190959/tools/bin/../lib/gcc/arm-none-eabi/10.3.1/../../../../arm-none-eabi/lib/thumb/v6-m/nofp/libcr_c.a(_cr_sbrk.o)
 .comment       0x0000000000000049       0x4a /Applications/MCUXpressoIDE_11.7.1_9221/ide/plugins/com.nxp.mcuxpresso.tools.macosx_11.7.1.202301190959/tools/bin/../lib/gcc/arm-none-eabi/10.3.1/../../../../arm-none-eabi/lib/thumb/v6-m/nofp/libcr_c.a(_fdopen.o)
 .comment       0x0000000000000049       0x4a /Applications/MCUXpressoIDE_11.7.1_9221/ide/plugins/com.nxp.mcuxpresso.tools.macosx_11.7.1.202301190959/tools/bin/../lib/gcc/arm-none-eabi/10.3.1/../../../../arm-none-eabi/lib/thumb/v6-m/nofp/libcr_c.a(errno.o)
 .comment       0x0000000000000049       0x4a /Applications/MCUXpressoIDE_11.7.1_9221/ide/plugins/com.nxp.mcuxpresso.tools.macosx_11.7.1.202301190959/tools/bin/../lib/gcc/arm-none-eabi/10.3.1/../../../../arm-none-eabi/lib/thumb/v6-m/nofp/libcr_c.a(fclose.o)
 .comment       0x0000000000000049       0x4a /Applications/MCUXpressoIDE_11.7.1_9221/ide/plugins/com.nxp.mcuxpresso.tools.macosx_11.7.1.202301190959/tools/bin/../lib/gcc/arm-none-eabi/10.3.1/../../../../arm-none-eabi/lib/thumb/v6-m/nofp/libcr_c.a(fflush.o)
 .comment       0x0000000000000049       0x4a /Applications/MCUXpressoIDE_11.7.1_9221/ide/plugins/com.nxp.mcuxpresso.tools.macosx_11.7.1.202301190959/tools/bin/../lib/gcc/arm-none-eabi/10.3.1/../../../../arm-none-eabi/lib/thumb/v6-m/nofp/libcr_c.a(remove.o)
 .comment       0x0000000000000049       0x4a /Applications/MCUXpressoIDE_11.7.1_9221/ide/plugins/com.nxp.mcuxpresso.tools.macosx_11.7.1.202301190959/tools/bin/../lib/gcc/arm-none-eabi/10.3.1/../../../../arm-none-eabi/lib/thumb/v6-m/nofp/libcr_c.a(_cr_check_heap.o)
 .comment       0x0000000000000049       0x4a /Applications/MCUXpressoIDE_11.7.1_9221/ide/plugins/com.nxp.mcuxpresso.tools.macosx_11.7.1.202301190959/tools/bin/../lib/gcc/arm-none-eabi/10.3.1/../../../../arm-none-eabi/lib/thumb/v6-m/nofp/libcr_c.a(_do_fflush.o)
 .comment       0x0000000000000049       0x4a /Applications/MCUXpressoIDE_11.7.1_9221/ide/plugins/com.nxp.mcuxpresso.tools.macosx_11.7.1.202301190959/tools/bin/../lib/gcc/arm-none-eabi/10.3.1/../../../../arm-none-eabi/lib/thumb/v6-m/nofp/libcr_nohost_nf.a(__sys_close.o)
 .comment       0x0000000000000049       0x4a /Applications/MCUXpressoIDE_11.7.1_9221/ide/plugins/com.nxp.mcuxpresso.tools.macosx_11.7.1.202301190959/tools/bin/../lib/gcc/arm-none-eabi/10.3.1/../../../../arm-none-eabi/lib/thumb/v6-m/nofp/libcr_nohost_nf.a(__sys_flen.o)
 .comment       0x0000000000000049       0x4a /Applications/MCUXpressoIDE_11.7.1_9221/ide/plugins/com.nxp.mcuxpresso.tools.macosx_11.7.1.202301190959/tools/bin/../lib/gcc/arm-none-eabi/10.3.1/../../../../arm-none-eabi/lib/thumb/v6-m/nofp/libcr_nohost_nf.a(__sys_istty.o)
 .comment       0x0000000000000049       0x4a /Applications/MCUXpressoIDE_11.7.1_9221/ide/plugins/com.nxp.mcuxpresso.tools.macosx_11.7.1.202301190959/tools/bin/../lib/gcc/arm-none-eabi/10.3.1/../../../../arm-none-eabi/lib/thumb/v6-m/nofp/libcr_nohost_nf.a(__sys_remove.o)
 .comment       0x0000000000000049       0x4a /Applications/MCUXpressoIDE_11.7.1_9221/ide/plugins/com.nxp.mcuxpresso.tools.macosx_11.7.1.202301190959/tools/bin/../lib/gcc/arm-none-eabi/10.3.1/../../../../arm-none-eabi/lib/thumb/v6-m/nofp/libcr_nohost_nf.a(__sys_seek.o)
 .comment       0x0000000000000049       0x4a /Applications/MCUXpressoIDE_11.7.1_9221/ide/plugins/com.nxp.mcuxpresso.tools.macosx_11.7.1.202301190959/tools/bin/../lib/gcc/arm-none-eabi/10.3.1/../../../../arm-none-eabi/lib/thumb/v6-m/nofp/libcr_nohost_nf.a(__sys_tmpnam.o)
 .comment       0x0000000000000049       0x4a /Applications/MCUXpressoIDE_11.7.1_9221/ide/plugins/com.nxp.mcuxpresso.tools.macosx_11.7.1.202301190959/tools/bin/../lib/gcc/arm-none-eabi/10.3.1/../../../../arm-none-eabi/lib/thumb/v6-m/nofp/libcr_nohost_nf.a(__sys_write.o)

.ARM.attributes
                0x0000000000000000       0x2a
 .ARM.attributes
                0x0000000000000000       0x2c ./utilities/fsl_debug_console.o
 .ARM.attributes
                0x000000000000002c       0x2c ./utilities/fsl_io.o
 .ARM.attributes
                0x0000000000000058       0x2c ./utilities/fsl_log.o
 .ARM.attributes
                0x0000000000000084       0x2c ./utilities/fsl_str.o
 .ARM.attributes
                0x00000000000000b0       0x2c ./startup/startup_mkl46z4.o
 .ARM.attributes
                0x00000000000000dc       0x2c ./source/bubble.o
 .ARM.attributes
                0x0000000000000108       0x2c ./source/mtb.o
 .ARM.attributes
                0x0000000000000134       0x2c ./source/semihost_hardfault.o
 .ARM.attributes
                0x0000000000000160       0x2c ./drivers/fsl_clock.o
 .ARM.attributes
                0x000000000000018c       0x2c ./drivers/fsl_gpio.o
 .ARM.attributes
                0x00000000000001b8       0x2c ./drivers/fsl_i2c.o
 .ARM.attributes
                0x00000000000001e4       0x2c ./drivers/fsl_lpsci.o
 .ARM.attributes
                0x0000000000000210       0x2c ./drivers/fsl_tpm.o
 .ARM.attributes
                0x000000000000023c       0x2c ./drivers/fsl_uart.o
 .ARM.attributes
                0x0000000000000268       0x2c ./board/board.o
 .ARM.attributes
                0x0000000000000294       0x2c ./board/clock_config.o
 .ARM.attributes
                0x00000000000002c0       0x2c ./board/peripherals.o
 .ARM.attributes
                0x00000000000002ec       0x2c ./board/pin_mux.o
 .ARM.attributes
                0x0000000000000318       0x2c ./accel/fsl_mma.o
 .ARM.attributes
                0x0000000000000344       0x2c ./CMSIS/system_MKL46Z4.o
 .ARM.attributes
                0x0000000000000370       0x2c /Applications/MCUXpressoIDE_11.7.1_9221/ide/plugins/com.nxp.mcuxpresso.tools.macosx_11.7.1.202301190959/tools/bin/../lib/gcc/arm-none-eabi/10.3.1/../../../../arm-none-eabi/lib/thumb/v6-m/nofp/libcr_nohost_nf.a(_cr__main.o)
 .ARM.attributes
                0x000000000000039c       0x2c /Applications/MCUXpressoIDE_11.7.1_9221/ide/plugins/com.nxp.mcuxpresso.tools.macosx_11.7.1.202301190959/tools/bin/../lib/gcc/arm-none-eabi/10.3.1/../../../../arm-none-eabi/lib/thumb/v6-m/nofp/libcr_nohost_nf.a(_cr_assert.o)
 .ARM.attributes
                0x00000000000003c8       0x2c /Applications/MCUXpressoIDE_11.7.1_9221/ide/plugins/com.nxp.mcuxpresso.tools.macosx_11.7.1.202301190959/tools/bin/../lib/gcc/arm-none-eabi/10.3.1/../../../../arm-none-eabi/lib/thumb/v6-m/nofp/libcr_nohost_nf.a(__ciob.o)
 .ARM.attributes
                0x00000000000003f4       0x2c /Applications/MCUXpressoIDE_11.7.1_9221/ide/plugins/com.nxp.mcuxpresso.tools.macosx_11.7.1.202301190959/tools/bin/../lib/gcc/arm-none-eabi/10.3.1/../../../../arm-none-eabi/lib/thumb/v6-m/nofp/libcr_nohost_nf.a(__sys_appexit.o)
 .ARM.attributes
                0x0000000000000420       0x2c /Applications/MCUXpressoIDE_11.7.1_9221/ide/plugins/com.nxp.mcuxpresso.tools.macosx_11.7.1.202301190959/tools/bin/../lib/gcc/arm-none-eabi/10.3.1/../../../../arm-none-eabi/lib/thumb/v6-m/nofp/libcr_c.a(memset.o)
 .ARM.attributes
                0x000000000000044c       0x2c /Applications/MCUXpressoIDE_11.7.1_9221/ide/plugins/com.nxp.mcuxpresso.tools.macosx_11.7.1.202301190959/tools/bin/../lib/gcc/arm-none-eabi/10.3.1/../../../../arm-none-eabi/lib/thumb/v6-m/nofp/libcr_c.a(_deferredlazyseek.o)
 .ARM.attributes
                0x0000000000000478       0x2c /Applications/MCUXpressoIDE_11.7.1_9221/ide/plugins/com.nxp.mcuxpresso.tools.macosx_11.7.1.202301190959/tools/bin/../lib/gcc/arm-none-eabi/10.3.1/../../../../arm-none-eabi/lib/thumb/v6-m/nofp/libcr_c.a(_fflush.o)
 .ARM.attributes
                0x00000000000004a4       0x2c /Applications/MCUXpressoIDE_11.7.1_9221/ide/plugins/com.nxp.mcuxpresso.tools.macosx_11.7.1.202301190959/tools/bin/../lib/gcc/arm-none-eabi/10.3.1/../../../../arm-none-eabi/lib/thumb/v6-m/nofp/libcr_c.a(_writebuf.o)
 .ARM.attributes
                0x00000000000004d0       0x2c /Applications/MCUXpressoIDE_11.7.1_9221/ide/plugins/com.nxp.mcuxpresso.tools.macosx_11.7.1.202301190959/tools/bin/../lib/gcc/arm-none-eabi/10.3.1/../../../../arm-none-eabi/lib/thumb/v6-m/nofp/libcr_c.a(alloc.o)
 .ARM.attributes
                0x00000000000004fc       0x2c /Applications/MCUXpressoIDE_11.7.1_9221/ide/plugins/com.nxp.mcuxpresso.tools.macosx_11.7.1.202301190959/tools/bin/../lib/gcc/arm-none-eabi/10.3.1/../../../../arm-none-eabi/lib/thumb/v6-m/nofp/libcr_c.a(fputs.o)
 .ARM.attributes
                0x0000000000000528       0x2c /Applications/MCUXpressoIDE_11.7.1_9221/ide/plugins/com.nxp.mcuxpresso.tools.macosx_11.7.1.202301190959/tools/bin/../lib/gcc/arm-none-eabi/10.3.1/../../../../arm-none-eabi/lib/thumb/v6-m/nofp/libcr_c.a(fseek.o)
 .ARM.attributes
                0x0000000000000554       0x2c /Applications/MCUXpressoIDE_11.7.1_9221/ide/plugins/com.nxp.mcuxpresso.tools.macosx_11.7.1.202301190959/tools/bin/../lib/gcc/arm-none-eabi/10.3.1/../../../../arm-none-eabi/lib/thumb/v6-m/nofp/libcr_c.a(ftell.o)
 .ARM.attributes
                0x0000000000000580       0x2c /Applications/MCUXpressoIDE_11.7.1_9221/ide/plugins/com.nxp.mcuxpresso.tools.macosx_11.7.1.202301190959/tools/bin/../lib/gcc/arm-none-eabi/10.3.1/../../../../arm-none-eabi/lib/thumb/v6-m/nofp/libcr_c.a(initio.o)
 .ARM.attributes
                0x00000000000005ac       0x2c /Applications/MCUXpressoIDE_11.7.1_9221/ide/plugins/com.nxp.mcuxpresso.tools.macosx_11.7.1.202301190959/tools/bin/../lib/gcc/arm-none-eabi/10.3.1/../../../../arm-none-eabi/lib/thumb/v6-m/nofp/libcr_c.a(setvbuf.o)
 .ARM.attributes
                0x00000000000005d8       0x2c /Applications/MCUXpressoIDE_11.7.1_9221/ide/plugins/com.nxp.mcuxpresso.tools.macosx_11.7.1.202301190959/tools/bin/../lib/gcc/arm-none-eabi/10.3.1/../../../../arm-none-eabi/lib/thumb/v6-m/nofp/libcr_c.a(strlen.o)
 .ARM.attributes
                0x0000000000000604       0x2c /Applications/MCUXpressoIDE_11.7.1_9221/ide/plugins/com.nxp.mcuxpresso.tools.macosx_11.7.1.202301190959/tools/bin/../lib/gcc/arm-none-eabi/10.3.1/../../../../arm-none-eabi/lib/thumb/v6-m/nofp/libcr_c.a(__init_alloc.o)
 .ARM.attributes
                0x0000000000000630       0x2c /Applications/MCUXpressoIDE_11.7.1_9221/ide/plugins/com.nxp.mcuxpresso.tools.macosx_11.7.1.202301190959/tools/bin/../lib/gcc/arm-none-eabi/10.3.1/../../../../arm-none-eabi/lib/thumb/v6-m/nofp/libcr_c.a(_cr_sbrk.o)
 .ARM.attributes
                0x000000000000065c       0x2c /Applications/MCUXpressoIDE_11.7.1_9221/ide/plugins/com.nxp.mcuxpresso.tools.macosx_11.7.1.202301190959/tools/bin/../lib/gcc/arm-none-eabi/10.3.1/../../../../arm-none-eabi/lib/thumb/v6-m/nofp/libcr_c.a(_fdopen.o)
 .ARM.attributes
                0x0000000000000688       0x2c /Applications/MCUXpressoIDE_11.7.1_9221/ide/plugins/com.nxp.mcuxpresso.tools.macosx_11.7.1.202301190959/tools/bin/../lib/gcc/arm-none-eabi/10.3.1/../../../../arm-none-eabi/lib/thumb/v6-m/nofp/libcr_c.a(errno.o)
 .ARM.attributes
                0x00000000000006b4       0x2c /Applications/MCUXpressoIDE_11.7.1_9221/ide/plugins/com.nxp.mcuxpresso.tools.macosx_11.7.1.202301190959/tools/bin/../lib/gcc/arm-none-eabi/10.3.1/../../../../arm-none-eabi/lib/thumb/v6-m/nofp/libcr_c.a(fclose.o)
 .ARM.attributes
                0x00000000000006e0       0x2c /Applications/MCUXpressoIDE_11.7.1_9221/ide/plugins/com.nxp.mcuxpresso.tools.macosx_11.7.1.202301190959/tools/bin/../lib/gcc/arm-none-eabi/10.3.1/../../../../arm-none-eabi/lib/thumb/v6-m/nofp/libcr_c.a(fflush.o)
 .ARM.attributes
                0x000000000000070c       0x2c /Applications/MCUXpressoIDE_11.7.1_9221/ide/plugins/com.nxp.mcuxpresso.tools.macosx_11.7.1.202301190959/tools/bin/../lib/gcc/arm-none-eabi/10.3.1/../../../../arm-none-eabi/lib/thumb/v6-m/nofp/libcr_c.a(remove.o)
 .ARM.attributes
                0x0000000000000738       0x2c /Applications/MCUXpressoIDE_11.7.1_9221/ide/plugins/com.nxp.mcuxpresso.tools.macosx_11.7.1.202301190959/tools/bin/../lib/gcc/arm-none-eabi/10.3.1/../../../../arm-none-eabi/lib/thumb/v6-m/nofp/libcr_c.a(_cr_check_heap.o)
 .ARM.attributes
                0x0000000000000764       0x2c /Applications/MCUXpressoIDE_11.7.1_9221/ide/plugins/com.nxp.mcuxpresso.tools.macosx_11.7.1.202301190959/tools/bin/../lib/gcc/arm-none-eabi/10.3.1/../../../../arm-none-eabi/lib/thumb/v6-m/nofp/libcr_c.a(_do_fflush.o)
 .ARM.attributes
                0x0000000000000790       0x1c /Applications/MCUXpressoIDE_11.7.1_9221/ide/plugins/com.nxp.mcuxpresso.tools.macosx_11.7.1.202301190959/tools/bin/../lib/gcc/arm-none-eabi/10.3.1/thumb/v6-m/nofp/libcr_eabihelpers.a(division_32.o)
 .ARM.attributes
                0x00000000000007ac       0x1c /Applications/MCUXpressoIDE_11.7.1_9221/ide/plugins/com.nxp.mcuxpresso.tools.macosx_11.7.1.202301190959/tools/bin/../lib/gcc/arm-none-eabi/10.3.1/thumb/v6-m/nofp/libcr_eabihelpers.a(division_64.o)
 .ARM.attributes
                0x00000000000007c8       0x1c /Applications/MCUXpressoIDE_11.7.1_9221/ide/plugins/com.nxp.mcuxpresso.tools.macosx_11.7.1.202301190959/tools/bin/../lib/gcc/arm-none-eabi/10.3.1/thumb/v6-m/nofp/libcr_eabihelpers.a(division_idiv0.o)
 .ARM.attributes
                0x00000000000007e4       0x1c /Applications/MCUXpressoIDE_11.7.1_9221/ide/plugins/com.nxp.mcuxpresso.tools.macosx_11.7.1.202301190959/tools/bin/../lib/gcc/arm-none-eabi/10.3.1/thumb/v6-m/nofp/libcr_eabihelpers.a(llong.o)
 .ARM.attributes
                0x0000000000000800       0x1c /Applications/MCUXpressoIDE_11.7.1_9221/ide/plugins/com.nxp.mcuxpresso.tools.macosx_11.7.1.202301190959/tools/bin/../lib/gcc/arm-none-eabi/10.3.1/thumb/v6-m/nofp/libcr_eabihelpers.a(memcpy.o)
 .ARM.attributes
                0x000000000000081c       0x2c /Applications/MCUXpressoIDE_11.7.1_9221/ide/plugins/com.nxp.mcuxpresso.tools.macosx_11.7.1.202301190959/tools/bin/../lib/gcc/arm-none-eabi/10.3.1/../../../../arm-none-eabi/lib/thumb/v6-m/nofp/libcr_nohost_nf.a(__sys_close.o)
 .ARM.attributes
                0x0000000000000848       0x2c /Applications/MCUXpressoIDE_11.7.1_9221/ide/plugins/com.nxp.mcuxpresso.tools.macosx_11.7.1.202301190959/tools/bin/../lib/gcc/arm-none-eabi/10.3.1/../../../../arm-none-eabi/lib/thumb/v6-m/nofp/libcr_nohost_nf.a(__sys_flen.o)
 .ARM.attributes
                0x0000000000000874       0x2c /Applications/MCUXpressoIDE_11.7.1_9221/ide/plugins/com.nxp.mcuxpresso.tools.macosx_11.7.1.202301190959/tools/bin/../lib/gcc/arm-none-eabi/10.3.1/../../../../arm-none-eabi/lib/thumb/v6-m/nofp/libcr_nohost_nf.a(__sys_istty.o)
 .ARM.attributes
                0x00000000000008a0       0x2c /Applications/MCUXpressoIDE_11.7.1_9221/ide/plugins/com.nxp.mcuxpresso.tools.macosx_11.7.1.202301190959/tools/bin/../lib/gcc/arm-none-eabi/10.3.1/../../../../arm-none-eabi/lib/thumb/v6-m/nofp/libcr_nohost_nf.a(__sys_remove.o)
 .ARM.attributes
                0x00000000000008cc       0x2c /Applications/MCUXpressoIDE_11.7.1_9221/ide/plugins/com.nxp.mcuxpresso.tools.macosx_11.7.1.202301190959/tools/bin/../lib/gcc/arm-none-eabi/10.3.1/../../../../arm-none-eabi/lib/thumb/v6-m/nofp/libcr_nohost_nf.a(__sys_seek.o)
 .ARM.attributes
                0x00000000000008f8       0x2c /Applications/MCUXpressoIDE_11.7.1_9221/ide/plugins/com.nxp.mcuxpresso.tools.macosx_11.7.1.202301190959/tools/bin/../lib/gcc/arm-none-eabi/10.3.1/../../../../arm-none-eabi/lib/thumb/v6-m/nofp/libcr_nohost_nf.a(__sys_tmpnam.o)
 .ARM.attributes
                0x0000000000000924       0x2c /Applications/MCUXpressoIDE_11.7.1_9221/ide/plugins/com.nxp.mcuxpresso.tools.macosx_11.7.1.202301190959/tools/bin/../lib/gcc/arm-none-eabi/10.3.1/../../../../arm-none-eabi/lib/thumb/v6-m/nofp/libcr_nohost_nf.a(__sys_write.o)

.debug_frame    0x0000000000000000     0x24dc
 .debug_frame   0x0000000000000000      0x110 ./utilities/fsl_debug_console.o
 .debug_frame   0x0000000000000110      0x108 ./utilities/fsl_io.o
 .debug_frame   0x0000000000000218      0x108 ./utilities/fsl_log.o
 .debug_frame   0x0000000000000320       0x9c ./utilities/fsl_str.o
 .debug_frame   0x00000000000003bc      0x3b0 ./startup/startup_mkl46z4.o
 .debug_frame   0x000000000000076c       0xf0 ./source/bubble.o
 .debug_frame   0x000000000000085c       0x20 ./source/semihost_hardfault.o
 .debug_frame   0x000000000000087c      0x6e0 ./drivers/fsl_clock.o
 .debug_frame   0x0000000000000f5c      0x190 ./drivers/fsl_gpio.o
 .debug_frame   0x00000000000010ec      0x58c ./drivers/fsl_i2c.o
 .debug_frame   0x0000000000001678      0x414 ./drivers/fsl_lpsci.o
 .debug_frame   0x0000000000001a8c      0x1d0 ./drivers/fsl_tpm.o
 .debug_frame   0x0000000000001c5c      0x464 ./drivers/fsl_uart.o
 .debug_frame   0x00000000000020c0       0xd4 ./board/board.o
 .debug_frame   0x0000000000002194       0xe4 ./board/clock_config.o
 .debug_frame   0x0000000000002278       0x84 ./board/peripherals.o
 .debug_frame   0x00000000000022fc       0xe8 ./board/pin_mux.o
 .debug_frame   0x00000000000023e4       0x90 ./accel/fsl_mma.o
 .debug_frame   0x0000000000002474       0x68 ./CMSIS/system_MKL46Z4.o

Cross Reference Table

Symbol                                            File
ADC0_DriverIRQHandler                             ./startup/startup_mkl46z4.o
ADC0_IRQHandler                                   ./startup/startup_mkl46z4.o
BOARD_ACCEL_I2C_config                            ./board/peripherals.o
BOARD_ACCEL_I2C_init                              ./board/peripherals.o
BOARD_Accel_I2C_Receive                           ./board/board.o
                                                  ./source/bubble.o
BOARD_Accel_I2C_Send                              ./board/board.o
                                                  ./source/bubble.o
BOARD_BootClockRUN                                ./board/clock_config.o
                                                  ./source/bubble.o
BOARD_BootClockVLPR                               ./board/clock_config.o
BOARD_I2C_ConfigurePins                           ./board/pin_mux.o
                                                  ./source/bubble.o
BOARD_I2C_Receive                                 ./board/board.o
BOARD_I2C_ReleaseBus                              ./source/bubble.o
BOARD_I2C_Send                                    ./board/board.o
BOARD_InitBootPeripherals                         ./board/peripherals.o
BOARD_InitBootPins                                ./board/pin_mux.o
BOARD_InitDebugConsole                            ./board/board.o
                                                  ./source/bubble.o
BOARD_InitPeripherals                             ./board/peripherals.o
                                                  ./source/bubble.o
BOARD_InitPins                                    ./board/pin_mux.o
                                                  ./source/bubble.o
BOARD_Init_I2C_GPIO_pins                          ./board/pin_mux.o
                                                  ./source/bubble.o
BOARD_TIMER_config                                ./board/peripherals.o
BOARD_TIMER_init                                  ./board/peripherals.o
BOARD_TIMER_pwmSignalParams                       ./board/peripherals.o
CLOCK_BootToBlpeMode                              ./drivers/fsl_clock.o
CLOCK_BootToBlpiMode                              ./drivers/fsl_clock.o
                                                  ./board/clock_config.o
CLOCK_BootToFeeMode                               ./drivers/fsl_clock.o
CLOCK_BootToFeiMode                               ./drivers/fsl_clock.o
CLOCK_BootToPeeMode                               ./drivers/fsl_clock.o
                                                  ./board/clock_config.o
CLOCK_CalcPllDiv                                  ./drivers/fsl_clock.o
CLOCK_ClearStatusFlags                            ./drivers/fsl_clock.o
CLOCK_DeinitOsc0                                  ./drivers/fsl_clock.o
CLOCK_EnablePll0                                  ./drivers/fsl_clock.o
CLOCK_EnableUsbfs0Clock                           ./drivers/fsl_clock.o
CLOCK_ExternalModeToFbeModeQuick                  ./drivers/fsl_clock.o
CLOCK_GetBusClkFreq                               ./drivers/fsl_clock.o
CLOCK_GetCoreSysClkFreq                           ./drivers/fsl_clock.o
CLOCK_GetEr32kClkFreq                             ./drivers/fsl_clock.o
CLOCK_GetFixedFreqClkFreq                         ./drivers/fsl_clock.o
CLOCK_GetFlashClkFreq                             ./drivers/fsl_clock.o
CLOCK_GetFllFreq                                  ./drivers/fsl_clock.o
CLOCK_GetFreq                                     ./drivers/fsl_clock.o
                                                  ./board/peripherals.o
CLOCK_GetInternalRefClkFreq                       ./drivers/fsl_clock.o
CLOCK_GetMode                                     ./drivers/fsl_clock.o
CLOCK_GetOsc0ErClkFreq                            ./drivers/fsl_clock.o
CLOCK_GetOutClkFreq                               ./drivers/fsl_clock.o
CLOCK_GetPlatClkFreq                              ./drivers/fsl_clock.o
CLOCK_GetPll0Freq                                 ./drivers/fsl_clock.o
CLOCK_GetPllFllSelClkFreq                         ./drivers/fsl_clock.o
                                                  ./board/board.o
CLOCK_GetStatusFlags                              ./drivers/fsl_clock.o
CLOCK_InitOsc0                                    ./drivers/fsl_clock.o
                                                  ./board/clock_config.o
CLOCK_InternalModeToFbiModeQuick                  ./drivers/fsl_clock.o
CLOCK_SetBlpeMode                                 ./drivers/fsl_clock.o
CLOCK_SetBlpiMode                                 ./drivers/fsl_clock.o
CLOCK_SetExternalRefClkConfig                     ./drivers/fsl_clock.o
CLOCK_SetFbeMode                                  ./drivers/fsl_clock.o
CLOCK_SetFbiMode                                  ./drivers/fsl_clock.o
CLOCK_SetFeeMode                                  ./drivers/fsl_clock.o
CLOCK_SetFeiMode                                  ./drivers/fsl_clock.o
CLOCK_SetInternalRefClkConfig                     ./drivers/fsl_clock.o
                                                  ./board/clock_config.o
CLOCK_SetMcgConfig                                ./drivers/fsl_clock.o
CLOCK_SetOsc0MonitorMode                          ./drivers/fsl_clock.o
CLOCK_SetPbeMode                                  ./drivers/fsl_clock.o
CLOCK_SetPeeMode                                  ./drivers/fsl_clock.o
CLOCK_SetPll0MonitorMode                          ./drivers/fsl_clock.o
CLOCK_SetSimConfig                                ./drivers/fsl_clock.o
                                                  ./board/clock_config.o
CLOCK_TrimInternalRefClk                          ./drivers/fsl_clock.o
CMP0_DriverIRQHandler                             ./startup/startup_mkl46z4.o
CMP0_IRQHandler                                   ./startup/startup_mkl46z4.o
DAC0_DriverIRQHandler                             ./startup/startup_mkl46z4.o
DAC0_IRQHandler                                   ./startup/startup_mkl46z4.o
DMA0_DriverIRQHandler                             ./startup/startup_mkl46z4.o
DMA0_IRQHandler                                   ./startup/startup_mkl46z4.o
DMA1_DriverIRQHandler                             ./startup/startup_mkl46z4.o
DMA1_IRQHandler                                   ./startup/startup_mkl46z4.o
DMA2_DriverIRQHandler                             ./startup/startup_mkl46z4.o
DMA2_IRQHandler                                   ./startup/startup_mkl46z4.o
DMA3_DriverIRQHandler                             ./startup/startup_mkl46z4.o
DMA3_IRQHandler                                   ./startup/startup_mkl46z4.o
DbgConsole_Deinit                                 ./utilities/fsl_debug_console.o
DbgConsole_Flush                                  ./utilities/fsl_debug_console.o
DbgConsole_Getchar                                ./utilities/fsl_debug_console.o
DbgConsole_Init                                   ./utilities/fsl_debug_console.o
                                                  ./board/board.o
DbgConsole_Printf                                 ./utilities/fsl_debug_console.o
                                                  ./source/bubble.o
                                                  ./utilities/fsl_assert.o
DbgConsole_Putchar                                ./utilities/fsl_debug_console.o
DbgConsole_Scanf                                  ./utilities/fsl_debug_console.o
FGPIO_PinInit                                     ./drivers/fsl_gpio.o
FGPIO_PortClearInterruptFlags                     ./drivers/fsl_gpio.o
FGPIO_PortGetInterruptFlags                       ./drivers/fsl_gpio.o
FLASH_Erase                                       ./drivers/fsl_ftfx_flash.o
FLASH_EraseAll                                    ./drivers/fsl_ftfx_flash.o
FLASH_GetProperty                                 ./drivers/fsl_ftfx_flash.o
FLASH_GetSecurityState                            ./drivers/fsl_ftfx_flash.o
FLASH_Init                                        ./drivers/fsl_ftfx_flash.o
FLASH_IsExecuteOnly                               ./drivers/fsl_ftfx_flash.o
FLASH_IsProtected                                 ./drivers/fsl_ftfx_flash.o